lines: 2245
version: 15.2
compilation 0 L1..179 sfi=0x9b80101e2cd tier=Maglev ord=1 name="add"
  script "workloads/simple.js"
  phase L4..18 "Bytecode array" [bytecode]
  phase L18..50 "Maglev graph building" [graph]: 15 nodes, 2 blocks, 4 frame-lines, 0 annotations
  phase L50..82 "Phi untagging" [graph]: 15 nodes, 2 blocks, 4 frame-lines, 0 annotations
  phase L82..113 "AnyUseMarking" [graph]: 14 nodes, 2 blocks, 4 frame-lines, 0 annotations
  phase L113..144 "Dead nodes sweeping" [graph]: 14 nodes, 2 blocks, 4 frame-lines, 0 annotations
  phase L144..179 "Register allocation" [graph]: 17 nodes, 2 blocks, 4 frame-lines, 2 annotations
  totals: 12 opcodes, 2 distinct frames
compilation 1 L179..1113 sfi=0x9b80101e265 tier=Maglev ord=1 name=""
  script "workloads/simple.js"
  phase L182..262 "Bytecode array" [bytecode]
  phase L262..276 "Inlining 0x09b80101e2cd <SharedFunctionInfo add> with bytecode" [inlining "add"]
  phase L276..290 "Inlining 0x09b80101e2cd <SharedFunctionInfo add> with bytecode" [inlining "add"]
  phase L290..417 "Maglev graph building" [graph]: 52 nodes, 10 blocks, 20 frame-lines, 2 annotations
  phase L417..544 "Truncation propagation" [graph]: 52 nodes, 10 blocks, 20 frame-lines, 2 annotations
  phase L544..663 "Truncation" [graph]: 50 nodes, 10 blocks, 16 frame-lines, 2 annotations
  phase L663..782 "Phi untagging" [graph]: 50 nodes, 10 blocks, 16 frame-lines, 2 annotations
  phase L782..889 "AnyUseMarking" [graph]: 38 nodes, 10 blocks, 16 frame-lines, 2 annotations
  phase L889..996 "Dead nodes sweeping" [graph]: 38 nodes, 10 blocks, 16 frame-lines, 2 annotations
  phase L996..1113 "Register allocation" [graph]: 45 nodes, 10 blocks, 16 frame-lines, 6 annotations
  totals: 26 opcodes, 8 distinct frames
compilation 2 L1113..1286 sfi=0x9b80101e2cd tier=Maglev ord=2 name="add"
  script "workloads/simple.js"
  phase L1116..1130 "Bytecode array" [bytecode]
  phase L1130..1161 "Maglev graph building" [graph]: 15 nodes, 2 blocks, 3 frame-lines, 0 annotations
  phase L1161..1192 "Phi untagging" [graph]: 15 nodes, 2 blocks, 3 frame-lines, 0 annotations
  phase L1192..1222 "AnyUseMarking" [graph]: 14 nodes, 2 blocks, 3 frame-lines, 0 annotations
  phase L1222..1252 "Dead nodes sweeping" [graph]: 14 nodes, 2 blocks, 3 frame-lines, 0 annotations
  phase L1252..1286 "Register allocation" [graph]: 17 nodes, 2 blocks, 3 frame-lines, 2 annotations
  totals: 12 opcodes, 2 distinct frames
compilation 3 L1286..2244 sfi=0x9b80101e265 tier=Maglev ord=2 name=""
  script "workloads/simple.js"
  phase L1289..1369 "Bytecode array" [bytecode]
  phase L1369..1383 "Inlining 0x09b80101e2cd <SharedFunctionInfo add> with bytecode" [inlining "add"]
  phase L1383..1397 "Inlining 0x09b80101e2cd <SharedFunctionInfo add> with bytecode" [inlining "add"]
  phase L1397..1521 "Maglev graph building" [graph]: 53 nodes, 10 blocks, 16 frame-lines, 2 annotations
  phase L1521..1645 "Truncation propagation" [graph]: 53 nodes, 10 blocks, 16 frame-lines, 2 annotations
  phase L1645..1769 "Truncation" [graph]: 53 nodes, 10 blocks, 16 frame-lines, 2 annotations
  phase L1769..1893 "Phi untagging" [graph]: 53 nodes, 10 blocks, 16 frame-lines, 2 annotations
  phase L1893..2006 "AnyUseMarking" [graph]: 42 nodes, 10 blocks, 16 frame-lines, 2 annotations
  phase L2006..2119 "Dead nodes sweeping" [graph]: 42 nodes, 10 blocks, 16 frame-lines, 2 annotations
  phase L2119..2244 "Register allocation" [graph]: 51 nodes, 10 blocks, 16 frame-lines, 6 annotations
  totals: 27 opcodes, 8 distinct frames
raw L0..1 "V8 is running with developer-only features enabled. Stability and security will suffer."
raw L2244..2245 "704982704"
