lines: 3311
version: 15.2
compilation 0 L1..302 sfi=0x9b80101e2cd tier=Maglev ord=1 name="add"
  script "workloads/simple.js"
  phase L4..18 "Bytecode array" [bytecode]: 3 rows (0 jump refs, 0 fbv refs, 0 pool refs)
  phase L18..50 "Maglev graph building" [graph]: 15 nodes, 2 blocks, 4 frame-lines, 0 annotations
  phase L50..82 "Phi untagging" [graph]: 15 nodes, 2 blocks, 4 frame-lines, 0 annotations
  phase L82..113 "AnyUseMarking" [graph]: 14 nodes, 2 blocks, 4 frame-lines, 0 annotations
  phase L113..267 "Dead nodes sweeping" [graph]: 25 nodes, 4 blocks, 8 frame-lines, 97 annotations
  phase L267..302 "Register allocation" [graph]: 17 nodes, 2 blocks, 4 frame-lines, 0 annotations
  totals: 12 opcodes, 2 distinct frames
compilation 1 L302..1634 sfi=0x9b80101e265 tier=Maglev ord=1 name=""
  script "workloads/simple.js"
  phase L305..385 "Bytecode array" [bytecode]: 29 rows (2 jump refs, 6 fbv refs, 3 pool refs), 3 pool entries, slots 2 mono / 0 poly / 0 mega / 4 other
  phase L385..399 "Inlining 0x09b80101e2cd <SharedFunctionInfo add> with bytecode" [inlining "add"]: 3 rows (0 jump refs, 0 fbv refs, 0 pool refs)
  phase L399..413 "Inlining 0x09b80101e2cd <SharedFunctionInfo add> with bytecode" [inlining "add"]: 3 rows (0 jump refs, 0 fbv refs, 0 pool refs)
  phase L413..540 "Maglev graph building" [graph]: 52 nodes, 10 blocks, 20 frame-lines, 2 annotations
  phase L540..667 "Truncation propagation" [graph]: 52 nodes, 10 blocks, 20 frame-lines, 2 annotations
  phase L667..786 "Truncation" [graph]: 50 nodes, 10 blocks, 16 frame-lines, 2 annotations
  phase L786..905 "Phi untagging" [graph]: 50 nodes, 10 blocks, 16 frame-lines, 2 annotations
  phase L905..1012 "AnyUseMarking" [graph]: 38 nodes, 10 blocks, 16 frame-lines, 2 annotations
  phase L1012..1517 "Dead nodes sweeping" [graph]: 70 nodes, 20 blocks, 32 frame-lines, 303 annotations
  phase L1517..1634 "Register allocation" [graph]: 45 nodes, 10 blocks, 16 frame-lines, 4 annotations
  totals: 26 opcodes, 8 distinct frames
compilation 2 L1634..1920 sfi=0x9b80101e2cd tier=Maglev ord=2 name="add"
  script "workloads/simple.js"
  phase L1637..1651 "Bytecode array" [bytecode]: 3 rows (0 jump refs, 0 fbv refs, 0 pool refs)
  phase L1651..1682 "Maglev graph building" [graph]: 15 nodes, 2 blocks, 3 frame-lines, 0 annotations
  phase L1682..1713 "Phi untagging" [graph]: 15 nodes, 2 blocks, 3 frame-lines, 0 annotations
  phase L1713..1743 "AnyUseMarking" [graph]: 14 nodes, 2 blocks, 3 frame-lines, 0 annotations
  phase L1743..1886 "Dead nodes sweeping" [graph]: 25 nodes, 4 blocks, 6 frame-lines, 88 annotations
  phase L1886..1920 "Register allocation" [graph]: 17 nodes, 2 blocks, 3 frame-lines, 0 annotations
  totals: 12 opcodes, 2 distinct frames
compilation 3 L1920..3310 sfi=0x9b80101e265 tier=Maglev ord=2 name=""
  script "workloads/simple.js"
  phase L1923..2003 "Bytecode array" [bytecode]: 29 rows (2 jump refs, 6 fbv refs, 3 pool refs), 3 pool entries, slots 2 mono / 0 poly / 0 mega / 4 other
  phase L2003..2017 "Inlining 0x09b80101e2cd <SharedFunctionInfo add> with bytecode" [inlining "add"]: 3 rows (0 jump refs, 0 fbv refs, 0 pool refs)
  phase L2017..2031 "Inlining 0x09b80101e2cd <SharedFunctionInfo add> with bytecode" [inlining "add"]: 3 rows (0 jump refs, 0 fbv refs, 0 pool refs)
  phase L2031..2155 "Maglev graph building" [graph]: 53 nodes, 10 blocks, 16 frame-lines, 2 annotations
  phase L2155..2279 "Truncation propagation" [graph]: 53 nodes, 10 blocks, 16 frame-lines, 2 annotations
  phase L2279..2403 "Truncation" [graph]: 53 nodes, 10 blocks, 16 frame-lines, 2 annotations
  phase L2403..2527 "Phi untagging" [graph]: 53 nodes, 10 blocks, 16 frame-lines, 2 annotations
  phase L2527..2640 "AnyUseMarking" [graph]: 42 nodes, 10 blocks, 16 frame-lines, 2 annotations
  phase L2640..3185 "Dead nodes sweeping" [graph]: 78 nodes, 20 blocks, 32 frame-lines, 331 annotations
  phase L3185..3310 "Register allocation" [graph]: 51 nodes, 10 blocks, 16 frame-lines, 4 annotations
  totals: 27 opcodes, 8 distinct frames
raw L0..1 "V8 is running with developer-only features enabled. Stability and security will suffer."
raw L3310..3311 "704982704"
