lines: 2867
version: 15.2
compilation 0 L1..217 sfi=0x9b80101e32d tier=Maglev ord=1 name="read"
  script "workloads/deopt-eager.js"
  phase L4..37 "Bytecode array" [bytecode]
  phase L37..73 "Maglev graph building" [graph]: 15 nodes, 2 blocks, 3 frame-lines, 0 annotations
  phase L73..109 "Phi untagging" [graph]: 15 nodes, 2 blocks, 3 frame-lines, 0 annotations
  phase L109..144 "AnyUseMarking" [graph]: 14 nodes, 2 blocks, 3 frame-lines, 0 annotations
  phase L144..179 "Dead nodes sweeping" [graph]: 14 nodes, 2 blocks, 3 frame-lines, 0 annotations
  phase L179..217 "Register allocation" [graph]: 16 nodes, 2 blocks, 3 frame-lines, 2 annotations
  totals: 14 opcodes, 2 distinct frames
compilation 1 L217..1335 sfi=0x9b80101e2c5 tier=Maglev ord=1 name=""
  script "workloads/deopt-eager.js"
  phase L220..372 "Bytecode array" [bytecode]
  phase L372..405 "Inlining 0x09b80101e32d <SharedFunctionInfo read> with bytecode" [inlining "read"]
  phase L405..438 "Inlining 0x09b80101e32d <SharedFunctionInfo read> with bytecode" [inlining "read"]
  phase L438..621 "Maglev graph building" [graph]: 77 nodes, 10 blocks, 18 frame-lines, 2 annotations
  phase L621..805 "Phi untagging" [graph]: 78 nodes, 10 blocks, 18 frame-lines, 2 annotations
  phase L805..975 "AnyUseMarking" [graph]: 64 nodes, 10 blocks, 18 frame-lines, 2 annotations
  phase L975..1145 "Dead nodes sweeping" [graph]: 64 nodes, 10 blocks, 18 frame-lines, 2 annotations
  phase L1145..1335 "Register allocation" [graph]: 81 nodes, 10 blocks, 18 frame-lines, 6 annotations
  totals: 33 opcodes, 17 distinct frames
compilation 2 L1391..1715 sfi=0x9b80101e32d tier=Maglev ord=2 name="read"
  script "workloads/deopt-eager.js"
  phase L1394..1428 "Bytecode array" [bytecode]
  phase L1428..1484 "Maglev graph building" [graph]: 23 nodes, 5 blocks, 4 frame-lines, 2 annotations
  phase L1484..1541 "Phi untagging" [graph]: 24 nodes, 5 blocks, 4 frame-lines, 2 annotations
  phase L1541..1597 "AnyUseMarking" [graph]: 23 nodes, 5 blocks, 4 frame-lines, 2 annotations
  phase L1597..1653 "Dead nodes sweeping" [graph]: 23 nodes, 5 blocks, 4 frame-lines, 2 annotations
  phase L1653..1715 "Register allocation" [graph]: 26 nodes, 5 blocks, 4 frame-lines, 6 annotations
  totals: 18 opcodes, 4 distinct frames
compilation 3 L1715..2833 sfi=0x9b80101e2c5 tier=Maglev ord=2 name=""
  script "workloads/deopt-eager.js"
  phase L1718..1872 "Bytecode array" [bytecode]
  phase L1872..1906 "Inlining 0x09b80101e32d <SharedFunctionInfo read> with bytecode" [inlining "read"]
  phase L1906..1940 "Inlining 0x09b80101e32d <SharedFunctionInfo read> with bytecode" [inlining "read"]
  phase L1940..2122 "Maglev graph building" [graph]: 78 nodes, 10 blocks, 18 frame-lines, 2 annotations
  phase L2122..2305 "Phi untagging" [graph]: 79 nodes, 10 blocks, 18 frame-lines, 2 annotations
  phase L2305..2474 "AnyUseMarking" [graph]: 65 nodes, 10 blocks, 18 frame-lines, 2 annotations
  phase L2474..2643 "Dead nodes sweeping" [graph]: 65 nodes, 10 blocks, 18 frame-lines, 2 annotations
  phase L2643..2833 "Register allocation" [graph]: 83 nodes, 10 blocks, 18 frame-lines, 6 annotations
  totals: 33 opcodes, 17 distinct frames
raw L0..1 "V8 is running with developer-only features enabled. Stability and security will suffer."
raw L1335..1391 "[bailout (kind: deopt-eager, reason: Insufficient type feedback for object literal): begin. deop…"
raw L2833..2867 "[bailout (kind: deopt-eager, reason: Insufficient type feedback for generic global access): begi…"
event L1335 deopt kind=deopt-eager reason="Insufficient type feedback for object literal" name="" sfi=0x9b80101e2c5 tier=Maglev opt_id=Some(2) offset=Some(70)
event L1367 deopt-end invalidated=false
event L1368 deopt kind=deopt-eager reason="wrong map" name="read" sfi=0x9b80101e32d tier=Turbofan opt_id=Some(1) offset=Some(0)
event L1390 deopt-end invalidated=true
event L2833 deopt kind=deopt-eager reason="Insufficient type feedback for generic global access" name="" sfi=0x9b80101e2c5 tier=Maglev opt_id=Some(4) offset=Some(133)
event L2865 deopt-end invalidated=false
