lines: 5129
version: 15.2
compilation 0 L1..633 sfi=0x9b80101e3e5 tier=Maglev ord=1 name="sum"
  script "workloads/mixed.js"
  phase L4..66 "Bytecode array" [bytecode]
  phase L66..182 "Maglev graph building" [graph]: 50 nodes, 8 blocks, 14 frame-lines, 4 annotations
  phase L182..299 "Phi untagging" [graph]: 51 nodes, 8 blocks, 14 frame-lines, 4 annotations
  phase L299..406 "AnyUseMarking" [graph]: 41 nodes, 8 blocks, 14 frame-lines, 4 annotations
  phase L406..513 "Dead nodes sweeping" [graph]: 41 nodes, 8 blocks, 14 frame-lines, 4 annotations
  phase L513..633 "Register allocation" [graph]: 47 nodes, 8 blocks, 14 frame-lines, 12 annotations
  totals: 28 opcodes, 4 distinct frames
compilation 1 L633..829 sfi=0x9b80101e445 tier=Maglev ord=1 name="flipflop"
  script "workloads/mixed.js"
  phase L636..652 "Bytecode array" [bytecode]
  phase L652..687 "Maglev graph building" [graph]: 15 nodes, 2 blocks, 4 frame-lines, 0 annotations
  phase L687..722 "Phi untagging" [graph]: 15 nodes, 2 blocks, 4 frame-lines, 0 annotations
  phase L722..756 "AnyUseMarking" [graph]: 14 nodes, 2 blocks, 4 frame-lines, 0 annotations
  phase L756..790 "Dead nodes sweeping" [graph]: 14 nodes, 2 blocks, 4 frame-lines, 0 annotations
  phase L790..829 "Register allocation" [graph]: 18 nodes, 2 blocks, 4 frame-lines, 2 annotations
  totals: 14 opcodes, 2 distinct frames
compilation 2 L829..1646 sfi=0x9b80101e415 tier=Maglev ord=1 name="scale"
  script "workloads/mixed.js"
  phase L832..914 "Bytecode array" [bytecode]
  phase L914..1064 "Maglev graph building" [graph]: 71 nodes, 11 blocks, 21 frame-lines, 2 annotations
  phase L1064..1214 "Phi untagging" [graph]: 71 nodes, 11 blocks, 21 frame-lines, 2 annotations
  phase L1214..1354 "AnyUseMarking" [graph]: 62 nodes, 11 blocks, 21 frame-lines, 2 annotations
  phase L1354..1494 "Dead nodes sweeping" [graph]: 62 nodes, 11 blocks, 21 frame-lines, 2 annotations
  phase L1494..1646 "Register allocation" [graph]: 71 nodes, 11 blocks, 21 frame-lines, 6 annotations
  totals: 37 opcodes, 7 distinct frames
compilation 3 L1647..1838 sfi=0x9b80101e445 tier=Maglev ord=2 name="flipflop"
  script "workloads/mixed.js"
  phase L1650..1666 "Bytecode array" [bytecode]
  phase L1666..1700 "Maglev graph building" [graph]: 16 nodes, 2 blocks, 2 frame-lines, 0 annotations
  phase L1700..1734 "Phi untagging" [graph]: 16 nodes, 2 blocks, 2 frame-lines, 0 annotations
  phase L1734..1767 "AnyUseMarking" [graph]: 15 nodes, 2 blocks, 2 frame-lines, 0 annotations
  phase L1767..1800 "Dead nodes sweeping" [graph]: 15 nodes, 2 blocks, 2 frame-lines, 0 annotations
  phase L1800..1838 "Register allocation" [graph]: 19 nodes, 2 blocks, 2 frame-lines, 2 annotations
  totals: 14 opcodes, 2 distinct frames
compilation 4 L1838..5127 sfi=0x9b80101e365 tier=Maglev ord=1 name=""
  script "workloads/mixed.js"
  phase L1841..2036 "Bytecode array" [bytecode]
  phase L2036..2098 "Inlining 0x09b80101e3e5 <SharedFunctionInfo sum> with bytecode" [inlining "sum"]
  phase L2098..2180 "Inlining 0x09b80101e415 <SharedFunctionInfo scale> with bytecode" [inlining "scale"]
  phase L2180..2242 "Inlining 0x09b80101e3e5 <SharedFunctionInfo sum> with bytecode" [inlining "sum"]
  phase L2242..2258 "Inlining 0x09b80101e445 <SharedFunctionInfo flipflop> with bytecode" [inlining "flipflop"]
  phase L2258..2274 "Inlining 0x09b80101e445 <SharedFunctionInfo flipflop> with bytecode" [inlining "flipflop"]
  phase L2274..2850 "Maglev graph building" [graph]: 220 nodes, 39 blocks, 111 frame-lines, 18 annotations
  phase L2850..3429 "Phi untagging" [graph]: 221 nodes, 39 blocks, 113 frame-lines, 18 annotations
  phase L3429..3972 "AnyUseMarking" [graph]: 186 nodes, 39 blocks, 113 frame-lines, 18 annotations
  phase L3972..4515 "Dead nodes sweeping" [graph]: 186 nodes, 39 blocks, 113 frame-lines, 18 annotations
  phase L4515..5127 "Register allocation" [graph]: 218 nodes, 39 blocks, 113 frame-lines, 56 annotations
  totals: 53 opcodes, 28 distinct frames
raw L0..1 "V8 is running with developer-only features enabled. Stability and security will suffer."
raw L1646..1647 "[bailout (kind: deopt-eager, reason: not a Smi): begin. deoptimizing 0x* <JSFunction …"
raw L5127..5129 "[bailout (kind: deopt-eager, reason: Insufficient type feedback for generic global access): begi…"
event L1646 deopt kind=deopt-eager reason="not a Smi" name="flipflop" sfi=0x9b80101e445 tier=Maglev opt_id=Some(1) offset=Some(2)
event L5127 deopt kind=deopt-eager reason="Insufficient type feedback for generic global access" name="" sfi=0x9b80101e365 tier=Maglev opt_id=Some(7) offset=Some(181)
