lines: 2566
version: 15.2
compilation 0 L1..202 sfi=0x9b80101e32d tier=Maglev ord=1 name="read"
  script "workloads/deopt-eager.js"
  phase L4..37 "Bytecode array" [bytecode]: 3 rows (0 jump refs, 1 fbv refs, 1 pool refs), 1 pool entries, slots 1 mono / 0 poly / 0 mega / 0 other
  phase L37..70 "Maglev graph building" [graph]: 15 nodes, 2 blocks, 3 frame-lines, 0 annotations
  phase L70..103 "Phi untagging" [graph]: 15 nodes, 2 blocks, 3 frame-lines, 0 annotations
  phase L103..135 "AnyUseMarking" [graph]: 14 nodes, 2 blocks, 3 frame-lines, 0 annotations
  phase L135..167 "Dead nodes sweeping" [graph]: 14 nodes, 2 blocks, 3 frame-lines, 0 annotations
  phase L167..202 "Register allocation" [graph]: 16 nodes, 2 blocks, 3 frame-lines, 2 annotations
  totals: 14 opcodes, 2 distinct frames
compilation 1 L202..1230 sfi=0x9b80101e2c5 tier=Maglev ord=1 name=""
  script "workloads/deopt-eager.js"
  phase L205..357 "Bytecode array" [bytecode]: 62 rows (4 jump refs, 17 fbv refs, 10 pool refs), 7 pool entries, slots 3 mono / 0 poly / 0 mega / 12 other
  phase L357..390 "Inlining 0x09b80101e32d <SharedFunctionInfo read> with bytecode" [inlining "read"]: 3 rows (0 jump refs, 1 fbv refs, 1 pool refs), 1 pool entries, slots 1 mono / 0 poly / 0 mega / 0 other
  phase L390..423 "Inlining 0x09b80101e32d <SharedFunctionInfo read> with bytecode" [inlining "read"]: 3 rows (0 jump refs, 1 fbv refs, 1 pool refs), 1 pool entries, slots 1 mono / 0 poly / 0 mega / 0 other
  phase L423..588 "Maglev graph building" [graph]: 77 nodes, 10 blocks, 18 frame-lines, 2 annotations
  phase L588..754 "Phi untagging" [graph]: 78 nodes, 10 blocks, 18 frame-lines, 2 annotations
  phase L754..906 "AnyUseMarking" [graph]: 64 nodes, 10 blocks, 18 frame-lines, 2 annotations
  phase L906..1058 "Dead nodes sweeping" [graph]: 64 nodes, 10 blocks, 18 frame-lines, 2 annotations
  phase L1058..1230 "Register allocation" [graph]: 81 nodes, 10 blocks, 18 frame-lines, 6 annotations
  totals: 33 opcodes, 9 distinct frames
compilation 2 L1232..1536 sfi=0x9b80101e32d tier=Maglev ord=2 name="read"
  script "workloads/deopt-eager.js"
  phase L1235..1269 "Bytecode array" [bytecode]: 3 rows (0 jump refs, 1 fbv refs, 1 pool refs), 1 pool entries, slots 0 mono / 1 poly / 0 mega / 0 other
  phase L1269..1321 "Maglev graph building" [graph]: 23 nodes, 5 blocks, 4 frame-lines, 2 annotations
  phase L1321..1374 "Phi untagging" [graph]: 24 nodes, 5 blocks, 4 frame-lines, 2 annotations
  phase L1374..1426 "AnyUseMarking" [graph]: 23 nodes, 5 blocks, 4 frame-lines, 2 annotations
  phase L1426..1478 "Dead nodes sweeping" [graph]: 23 nodes, 5 blocks, 4 frame-lines, 2 annotations
  phase L1478..1536 "Register allocation" [graph]: 26 nodes, 5 blocks, 4 frame-lines, 6 annotations
  totals: 18 opcodes, 3 distinct frames
compilation 3 L1536..2564 sfi=0x9b80101e2c5 tier=Maglev ord=2 name=""
  script "workloads/deopt-eager.js"
  phase L1539..1693 "Bytecode array" [bytecode]: 62 rows (4 jump refs, 17 fbv refs, 10 pool refs), 7 pool entries, slots 6 mono / 0 poly / 0 mega / 9 other
  phase L1693..1727 "Inlining 0x09b80101e32d <SharedFunctionInfo read> with bytecode" [inlining "read"]: 3 rows (0 jump refs, 1 fbv refs, 1 pool refs), 1 pool entries, slots 0 mono / 1 poly / 0 mega / 0 other
  phase L1727..1761 "Inlining 0x09b80101e32d <SharedFunctionInfo read> with bytecode" [inlining "read"]: 3 rows (0 jump refs, 1 fbv refs, 1 pool refs), 1 pool entries, slots 0 mono / 1 poly / 0 mega / 0 other
  phase L1761..1925 "Maglev graph building" [graph]: 78 nodes, 10 blocks, 18 frame-lines, 2 annotations
  phase L1925..2090 "Phi untagging" [graph]: 79 nodes, 10 blocks, 18 frame-lines, 2 annotations
  phase L2090..2241 "AnyUseMarking" [graph]: 65 nodes, 10 blocks, 18 frame-lines, 2 annotations
  phase L2241..2392 "Dead nodes sweeping" [graph]: 65 nodes, 10 blocks, 18 frame-lines, 2 annotations
  phase L2392..2564 "Register allocation" [graph]: 83 nodes, 10 blocks, 18 frame-lines, 6 annotations
  totals: 33 opcodes, 9 distinct frames
raw L0..1 "V8 is running with developer-only features enabled. Stability and security will suffer."
raw L1230..1232 "[bailout (kind: deopt-eager, reason: Insufficient type feedback for object literal): begin. deop…"
raw L2564..2566 "[bailout (kind: deopt-eager, reason: Insufficient type feedback for generic global access): begi…"
event L1230 deopt kind=deopt-eager reason="Insufficient type feedback for object literal" name="" sfi=0x9b80101e2c5 tier=Maglev opt_id=Some(2) offset=Some(70)
event L1231 deopt kind=deopt-eager reason="wrong map" name="read" sfi=0x9b80101e32d tier=Turbofan opt_id=Some(1) offset=Some(0)
event L2564 deopt kind=deopt-eager reason="Insufficient type feedback for generic global access" name="" sfi=0x9b80101e2c5 tier=Maglev opt_id=Some(4) offset=Some(133)
