lines: 105
version: unknown
raw L0..105 "V8 is running with developer-only features enabled. Stability and security will suffer."
event L1 marking name="read" sfi=0x9b80101e32d target=Maglev reason="hot and stable"
event L2 compile-start name="read" sfi=0x9b80101e32d target=Maglev osr=false
event L3 compile-done name="read" sfi=0x9b80101e32d target=Maglev osr=false
event L4 marking name="" sfi=0x9b80101e2c5 target=Maglev reason="hot and stable"
event L5 marking name="read" sfi=0x9b80101e32d target=Turbofan reason="hot and stable"
event L6 compile-start name="read" sfi=0x9b80101e32d target=Turbofan osr=false
event L7 compile-done name="read" sfi=0x9b80101e32d target=Turbofan osr=false
event L8 compile-start name="" sfi=0x9b80101e2c5 target=Maglev osr=true
event L9 compile-done name="" sfi=0x9b80101e2c5 target=Maglev osr=true
event L10 deopt kind=deopt-eager reason="Insufficient type feedback for object literal" name="" sfi=0x9b80101e2c5 tier=Maglev opt_id=Some(2) offset=Some(70)
event L42 deopt-end invalidated=false
event L43 deopt kind=deopt-eager reason="wrong map" name="read" sfi=0x9b80101e32d tier=Turbofan opt_id=Some(1) offset=Some(0)
event L65 deopt-end invalidated=true
event L66 marking name="read" sfi=0x9b80101e32d target=Maglev reason="hot and stable"
event L67 compile-start name="read" sfi=0x9b80101e32d target=Maglev osr=false
event L68 compile-done name="read" sfi=0x9b80101e32d target=Maglev osr=false
event L69 compile-start name="" sfi=0x9b80101e2c5 target=Maglev osr=true
event L70 compile-done name="" sfi=0x9b80101e2c5 target=Maglev osr=true
event L71 deopt kind=deopt-eager reason="Insufficient type feedback for generic global access" name="" sfi=0x9b80101e2c5 tier=Maglev opt_id=Some(4) offset=Some(133)
event L103 deopt-end invalidated=false
