lines: 586
version: 15.2
compilation 0 L3..293 sfi=0x9b80101e2cd tier=Turbolev ord=1 name="add"
  script "workloads/simple.js"
  phase L3..19 "Bytecode before MaglevGraphBuilding" [bytecode]: 3 rows (0 jump refs, 0 fbv refs, 0 pool refs)
  phase L19..50 "Maglev graph building" [graph]: 14 nodes, 2 blocks, 4 frame-lines, 0 annotations
  phase L50..81 "Non-eager inlining" [graph]: 14 nodes, 2 blocks, 4 frame-lines, 0 annotations
  phase L81..112 "Non-eager loop peeling" [graph]: 14 nodes, 2 blocks, 4 frame-lines, 0 annotations
  phase L112..143 "Pre phi untagging" [graph]: 14 nodes, 2 blocks, 4 frame-lines, 0 annotations
  phase L143..174 "Phi untagging" [graph]: 14 nodes, 2 blocks, 4 frame-lines, 0 annotations
  phase L174..205 "Range analysis" [graph]: 14 nodes, 2 blocks, 4 frame-lines, 0 annotations
  phase L205..235 "Post optimizer" [graph]: 14 nodes, 2 blocks, 3 frame-lines, 0 annotations
  phase L235..264 "AnyUseMarking" [graph]: 13 nodes, 2 blocks, 3 frame-lines, 0 annotations
  phase L264..293 "Dead nodes sweeping" [graph]: 13 nodes, 2 blocks, 3 frame-lines, 0 annotations
  totals: 11 opcodes, 2 distinct frames
compilation 1 L293..586 sfi=0x9b80101e2cd tier=Turbolev ord=2 name="add"
  script "workloads/simple.js"
  phase L293..309 "Bytecode before MaglevGraphBuilding" [bytecode]: 3 rows (0 jump refs, 0 fbv refs, 0 pool refs)
  phase L309..340 "Maglev graph building" [graph]: 14 nodes, 2 blocks, 4 frame-lines, 0 annotations
  phase L340..371 "Non-eager inlining" [graph]: 14 nodes, 2 blocks, 4 frame-lines, 0 annotations
  phase L371..402 "Non-eager loop peeling" [graph]: 14 nodes, 2 blocks, 4 frame-lines, 0 annotations
  phase L402..433 "Pre phi untagging" [graph]: 14 nodes, 2 blocks, 4 frame-lines, 0 annotations
  phase L433..464 "Phi untagging" [graph]: 14 nodes, 2 blocks, 4 frame-lines, 0 annotations
  phase L464..495 "Range analysis" [graph]: 14 nodes, 2 blocks, 4 frame-lines, 0 annotations
  phase L495..526 "Post optimizer" [graph]: 14 nodes, 2 blocks, 4 frame-lines, 0 annotations
  phase L526..556 "AnyUseMarking" [graph]: 13 nodes, 2 blocks, 4 frame-lines, 0 annotations
  phase L556..586 "Dead nodes sweeping" [graph]: 13 nodes, 2 blocks, 4 frame-lines, 1 annotations
  totals: 10 opcodes, 2 distinct frames
raw L0..3 "V8 is running with developer-only features enabled. Stability and security will suffer."
