[marking 0x09b80101e2dd <JSFunction read (sfi = 0x9b80101e1d5)> for optimization to MAGLEV, ConcurrencyMode::kConcurrent, reason: hot and stable]
[compiling method 0x09b80101e2dd <JSFunction read (sfi = 0x9b80101e1d5)> (target MAGLEV), mode: ConcurrencyMode::kSynchronous]
[completed compiling 0x09b80101e2dd <JSFunction read (sfi = 0x9b80101e1d5)> (target MAGLEV) - took 0.001, 0.134, 0.021 ms]
[marking 0x09b80101e289 <JSFunction (sfi = 0x9b80101e16d)> for optimization to MAGLEV, ConcurrencyMode::kConcurrent, reason: hot and stable]
[marking 0x09b80101e2dd <JSFunction read (sfi = 0x9b80101e1d5)> for optimization to TURBOFAN_JS, ConcurrencyMode::kConcurrent, reason: hot and stable]
[compiling method 0x09b80101e2dd <JSFunction read (sfi = 0x9b80101e1d5)> (target TURBOFAN_JS), mode: ConcurrencyMode::kSynchronous]
[completed compiling 0x09b80101e2dd <JSFunction read (sfi = 0x9b80101e1d5)> (target TURBOFAN_JS) - took 0.013, 0.387, 0.006 ms]
[compiling method 0x09b80101e289 <JSFunction (sfi = 0x9b80101e16d)> (target MAGLEV) OSR, mode: ConcurrencyMode::kSynchronous]
[completed compiling 0x09b80101e289 <JSFunction (sfi = 0x9b80101e16d)> (target MAGLEV) OSR - took 0.000, 0.137, 0.005 ms]
[bailout (kind: deopt-eager, reason: Insufficient type feedback for object literal): begin. deoptimizing 0x09b80101e289 <JSFunction (sfi = 0x9b80101e16d)>, 0x031a01000981 <Code MAGLEV>, opt id 2, bytecode offset 70, deopt exit 9, FP to SP delta 96, caller SP 0x00016b4157a8, pc 0x000170000c40]
            ;;; deoptimize at <workloads/deopt-eager.js:14:1>
  reading input frame  => bytecode_offset=70, args=1, height=6, retval=0(#0); inputs:
      0: 0x09b80101e289 ;  [fp -  16]  0x09b80101e289 <JSFunction (sfi = 0x9b80101e16d)>
      1: 0x09b801004979 ;  [fp +  16]  0x09b801004979 <JSGlobalProxy>
      2: 0x09b80101e2c9 ; x1 0x09b80101e2c9 <ScriptContext[3]>
      3: (optimized out)
      4: (optimized out)
      5: (optimized out)
      6: 0x09b8010f937d ; x5 0x09b8010f937d <HeapNumber 5000050000.0>
      7: 0x09b80101e2dd ; x0 0x09b80101e2dd <JSFunction read (sfi = 0x9b80101e1d5)>
      8: (optimized out)
      9: (optimized out)
  translating interpreted frame  => bytecode_offset=70, variable_frame_size=64, frame_size=136
    0x00016b4157a0: [top + 128] <- 0x09b801004979 <JSGlobalProxy> ;  stack parameter (input #1)
    -------------------------
    0x00016b415798: [top + 120] <- 0x000177e0b304 ;  bottommost caller's pc
    0x00016b415790: [top + 112] <- 0x00016b4157c0 ;  caller's fp
    0x00016b415788: [top + 104] <- 0x09b80101e2c9 <ScriptContext[3]> ;  context (input #2)
    0x00016b415780: [top +  96] <- 0x09b80101e289 <JSFunction (sfi = 0x9b80101e16d)> ;  function (input #0)
    0x00016b415778: [top +  88] <- 0x000000000001 ;  actual argument count
    0x00016b415770: [top +  80] <- 0x031a010000a9 <BytecodeArray[146]> ;  bytecode array
    0x00016b415768: [top +  72] <- 0x0000000000da <Smi 109> ;  bytecode offset
    0x00016b415760: [top +  64] <- 0x09b8000cfffd <arguments_marker> ;  feedback vector    -------------------------
    0x00016b415758: [top +  56] <- 0x09b80012fffd <optimized_out> ;  stack parameter (input #3)
    0x00016b415750: [top +  48] <- 0x09b80012fffd <optimized_out> ;  stack parameter (input #4)
    0x00016b415748: [top +  40] <- 0x09b80012fffd <optimized_out> ;  stack parameter (input #5)
    0x00016b415740: [top +  32] <- 0x09b8010f937d <HeapNumber 5000050000.0> ;  stack parameter (input #6)
    0x00016b415738: [top +  24] <- 0x09b80101e2dd <JSFunction read (sfi = 0x9b80101e1d5)> ;  stack parameter (input #7)
    0x00016b415730: [top +  16] <- 0x09b80012fffd <optimized_out> ;  stack parameter (input #8)
    0x00016b415728: [top +   8] <- 0x09b80002fffd <the_hole_value> ;  padding
    0x00016b415720: [top +   0] <- 0x09b80012fffd <optimized_out> ;  accumulator (input #9)
[bailout end. code_invalidation: unaffected, took 0.025 ms]
[bailout (kind: deopt-eager, reason: wrong map): begin. deoptimizing 0x09b80101e2dd <JSFunction read (sfi = 0x9b80101e1d5)>, 0x031a01000491 <Code TURBOFAN_JS>, opt id 1, bytecode offset 0, deopt exit 1, FP to SP delta 32, caller SP 0x00016b415730, pc 0x0001700002e4]
            ;;; deoptimize at <workloads/deopt-eager.js:5:12>
  reading input frame read => bytecode_offset=0, args=2, height=0, retval=0(#0); inputs:
      0: 0x09b80101e2dd ;  [fp -  16]  0x09b80101e2dd <JSFunction read (sfi = 0x9b80101e1d5)>
      1: 0x09b801004979 ;  [fp +  16]  0x09b801004979 <JSGlobalProxy>
      2: 0x09b8010f93d5 ; x2 0x09b8010f93d5 <Object map = 0x9b80124732d>
      3: 0x09b80101e2c9 ;  [fp -  32]  0x09b80101e2c9 <ScriptContext[3]>
      4: (optimized out)
  translating interpreted frame read => bytecode_offset=0, variable_frame_size=16, frame_size=96
    0x00016b415728: [top +  88] <- 0x09b8010f93d5 <Object map = 0x9b80124732d> ;  stack parameter (input #2)
    0x00016b415720: [top +  80] <- 0x09b801004979 <JSGlobalProxy> ;  stack parameter (input #1)
    -------------------------
    0x00016b415718: [top +  72] <- 0x000177e0ef64 ;  bottommost caller's pc
    0x00016b415710: [top +  64] <- 0x00016b415790 ;  caller's fp
    0x00016b415708: [top +  56] <- 0x09b80101e2c9 <ScriptContext[3]> ;  context (input #3)
    0x00016b415700: [top +  48] <- 0x09b80101e2dd <JSFunction read (sfi = 0x9b80101e1d5)> ;  function (input #0)
    0x00016b4156f8: [top +  40] <- 0x000000000002 ;  actual argument count
    0x00016b4156f0: [top +  32] <- 0x031a010001b5 <BytecodeArray[8]> ;  bytecode array
    0x00016b4156e8: [top +  24] <- 0x00000000004e <Smi 39> ;  bytecode offset
    0x00016b4156e0: [top +  16] <- 0x09b8000cfffd <arguments_marker> ;  feedback vector    -------------------------
    0x00016b4156d8: [top +   8] <- 0x09b80002fffd <the_hole_value> ;  padding
    0x00016b4156d0: [top +   0] <- 0x09b80012fffd <optimized_out> ;  accumulator (input #4)
[bailout end. code_invalidation: invalidated, took 0.051 ms]
[marking 0x09b80101e2dd <JSFunction read (sfi = 0x9b80101e1d5)> for optimization to MAGLEV, ConcurrencyMode::kConcurrent, reason: hot and stable]
[compiling method 0x09b80101e2dd <JSFunction read (sfi = 0x9b80101e1d5)> (target MAGLEV), mode: ConcurrencyMode::kSynchronous]
[completed compiling 0x09b80101e2dd <JSFunction read (sfi = 0x9b80101e1d5)> (target MAGLEV) - took 0.000, 0.025, 0.003 ms]
[compiling method 0x09b80101e289 <JSFunction (sfi = 0x9b80101e16d)> (target MAGLEV) OSR, mode: ConcurrencyMode::kSynchronous]
[completed compiling 0x09b80101e289 <JSFunction (sfi = 0x9b80101e16d)> (target MAGLEV) OSR - took 0.001, 0.068, 0.004 ms]
[bailout (kind: deopt-eager, reason: Insufficient type feedback for generic global access): begin. deoptimizing 0x09b80101e289 <JSFunction (sfi = 0x9b80101e16d)>, 0x031a01001031 <Code MAGLEV>, opt id 4, bytecode offset 133, deopt exit 9, FP to SP delta 96, caller SP 0x00016b4157a8, pc 0x000170001768]
            ;;; deoptimize at <workloads/deopt-eager.js:21:1>
  reading input frame  => bytecode_offset=133, args=1, height=6, retval=0(#0); inputs:
      0: 0x09b80101e289 ;  [fp -  16]  0x09b80101e289 <JSFunction (sfi = 0x9b80101e16d)>
      1: 0x09b801004979 ;  [fp +  16]  0x09b801004979 <JSGlobalProxy>
      2: 0x09b80101e2c9 ; x1 0x09b80101e2c9 <ScriptContext[3]>
      3: (optimized out)
      4: (optimized out)
      5: (optimized out)
      6: (optimized out)
      7: (optimized out)
      8: (optimized out)
      9: (optimized out)
  translating interpreted frame  => bytecode_offset=133, variable_frame_size=64, frame_size=136
    0x00016b4157a0: [top + 128] <- 0x09b801004979 <JSGlobalProxy> ;  stack parameter (input #1)
    -------------------------
    0x00016b415798: [top + 120] <- 0x000177e0b304 ;  bottommost caller's pc
    0x00016b415790: [top + 112] <- 0x00016b4157c0 ;  caller's fp
    0x00016b415788: [top + 104] <- 0x09b80101e2c9 <ScriptContext[3]> ;  context (input #2)
    0x00016b415780: [top +  96] <- 0x09b80101e289 <JSFunction (sfi = 0x9b80101e16d)> ;  function (input #0)
    0x00016b415778: [top +  88] <- 0x000000000001 ;  actual argument count
    0x00016b415770: [top +  80] <- 0x031a010000a9 <BytecodeArray[146]> ;  bytecode array
    0x00016b415768: [top +  72] <- 0x000000000158 <Smi 172> ;  bytecode offset
    0x00016b415760: [top +  64] <- 0x09b8000cfffd <arguments_marker> ;  feedback vector    -------------------------
    0x00016b415758: [top +  56] <- 0x09b80012fffd <optimized_out> ;  stack parameter (input #3)
    0x00016b415750: [top +  48] <- 0x09b80012fffd <optimized_out> ;  stack parameter (input #4)
    0x00016b415748: [top +  40] <- 0x09b80012fffd <optimized_out> ;  stack parameter (input #5)
    0x00016b415740: [top +  32] <- 0x09b80012fffd <optimized_out> ;  stack parameter (input #6)
    0x00016b415738: [top +  24] <- 0x09b80012fffd <optimized_out> ;  stack parameter (input #7)
    0x00016b415730: [top +  16] <- 0x09b80012fffd <optimized_out> ;  stack parameter (input #8)
    0x00016b415728: [top +   8] <- 0x09b80002fffd <the_hole_value> ;  padding
    0x00016b415720: [top +   0] <- 0x09b80012fffd <optimized_out> ;  accumulator (input #9)
[bailout end. code_invalidation: unaffected, took 0.024 ms]
10000100003
