[marking 0x09b80101e3d5 <JSFunction sum (sfi = 0x9b80101e28d)> for optimization to MAGLEV, ConcurrencyMode::kConcurrent, reason: hot and stable]
[compiling method 0x09b80101e3d5 <JSFunction sum (sfi = 0x9b80101e28d)> (target MAGLEV), mode: ConcurrencyMode::kSynchronous]
[completed compiling 0x09b80101e3d5 <JSFunction sum (sfi = 0x9b80101e28d)> (target MAGLEV) - took 0.000, 0.198, 0.019 ms]
[marking 0x09b80101e43d <JSFunction flipflop (sfi = 0x9b80101e2ed)> for optimization to MAGLEV, ConcurrencyMode::kConcurrent, reason: hot and stable]
[compiling method 0x09b80101e43d <JSFunction flipflop (sfi = 0x9b80101e2ed)> (target MAGLEV), mode: ConcurrencyMode::kSynchronous]
[completed compiling 0x09b80101e43d <JSFunction flipflop (sfi = 0x9b80101e2ed)> (target MAGLEV) - took 0.000, 0.016, 0.002 ms]
[marking 0x09b80101e409 <JSFunction scale (sfi = 0x9b80101e2bd)> for optimization to MAGLEV, ConcurrencyMode::kConcurrent, reason: hot and stable]
[compiling method 0x09b80101e409 <JSFunction scale (sfi = 0x9b80101e2bd)> (target MAGLEV), mode: ConcurrencyMode::kSynchronous]
[completed compiling 0x09b80101e409 <JSFunction scale (sfi = 0x9b80101e2bd)> (target MAGLEV) - took 0.000, 0.082, 0.003 ms]
[bailout (kind: deopt-eager, reason: not a Smi): begin. deoptimizing 0x09b80101e43d <JSFunction flipflop (sfi = 0x9b80101e2ed)>, 0x031a01000869 <Code MAGLEV>, opt id 1, bytecode offset 2, deopt exit 0, FP to SP delta 32, caller SP 0x00016b63d720, pc 0x000170000654]
[marking 0x09b80101e35d <JSFunction (sfi = 0x9b80101e20d)> for optimization to MAGLEV, ConcurrencyMode::kConcurrent, reason: hot and stable]
[marking 0x09b80101e43d <JSFunction flipflop (sfi = 0x9b80101e2ed)> for optimization to MAGLEV, ConcurrencyMode::kConcurrent, reason: hot and stable]
[compiling method 0x09b80101e43d <JSFunction flipflop (sfi = 0x9b80101e2ed)> (target MAGLEV), mode: ConcurrencyMode::kSynchronous]
[completed compiling 0x09b80101e43d <JSFunction flipflop (sfi = 0x9b80101e2ed)> (target MAGLEV) - took 0.000, 0.014, 0.001 ms]
[marking 0x09b80101e3d5 <JSFunction sum (sfi = 0x9b80101e28d)> for optimization to TURBOFAN_JS, ConcurrencyMode::kConcurrent, reason: hot and stable]
[compiling method 0x09b80101e3d5 <JSFunction sum (sfi = 0x9b80101e28d)> (target TURBOFAN_JS), mode: ConcurrencyMode::kSynchronous]
[completed compiling 0x09b80101e3d5 <JSFunction sum (sfi = 0x9b80101e28d)> (target TURBOFAN_JS) - took 0.008, 0.623, 0.003 ms]
[marking 0x09b80101e43d <JSFunction flipflop (sfi = 0x9b80101e2ed)> for optimization to TURBOFAN_JS, ConcurrencyMode::kConcurrent, reason: hot and stable]
[compiling method 0x09b80101e43d <JSFunction flipflop (sfi = 0x9b80101e2ed)> (target TURBOFAN_JS), mode: ConcurrencyMode::kSynchronous]
[completed compiling 0x09b80101e43d <JSFunction flipflop (sfi = 0x9b80101e2ed)> (target TURBOFAN_JS) - took 0.001, 0.159, 0.001 ms]
[marking 0x09b80101e409 <JSFunction scale (sfi = 0x9b80101e2bd)> for optimization to TURBOFAN_JS, ConcurrencyMode::kConcurrent, reason: hot and stable]
[compiling method 0x09b80101e409 <JSFunction scale (sfi = 0x9b80101e2bd)> (target TURBOFAN_JS), mode: ConcurrencyMode::kSynchronous]
[completed compiling 0x09b80101e409 <JSFunction scale (sfi = 0x9b80101e2bd)> (target TURBOFAN_JS) - took 0.001, 0.428, 0.003 ms]
[compiling method 0x09b80101e35d <JSFunction (sfi = 0x9b80101e20d)> (target MAGLEV) OSR, mode: ConcurrencyMode::kSynchronous]
[completed compiling 0x09b80101e35d <JSFunction (sfi = 0x9b80101e20d)> (target MAGLEV) OSR - took 0.000, 0.229, 0.005 ms]
[bailout (kind: deopt-eager, reason: Insufficient type feedback for generic global access): begin. deoptimizing 0x09b80101e35d <JSFunction (sfi = 0x9b80101e20d)>, 0x031a01002e71 <Code MAGLEV>, opt id 7, bytecode offset 181, deopt exit 44, FP to SP delta 128, caller SP 0x00016b63d7b8, pc 0x000170003c50]
68235400
