lines: 1462
version: 14.9
compilation 0 L0..135 sfi=0x9b80101e191 tier=Maglev ord=1 name="load"
  script "workloads/poly.js"
  phase L1..32 "Bytecode array" [bytecode]
  phase L32..58 "After graph building" [graph]: 12 nodes, 2 blocks, 2 frame-lines, 0 annotations
  phase L58..83 "After use marking" [graph]: 11 nodes, 2 blocks, 2 frame-lines, 0 annotations
  phase L83..108 "After register allocation pre-processing" [graph]: 11 nodes, 2 blocks, 2 frame-lines, 0 annotations
  phase L108..135 "After register allocation" [graph]: 14 nodes, 2 blocks, 2 frame-lines, 0 annotations
  totals: 11 opcodes, 2 distinct frames, 0 unparsed
compilation 1 L135..393 sfi=0x9b80101e191 tier=Maglev ord=2 name="load"
  script "workloads/poly.js"
  phase L136..169 "Bytecode array" [bytecode]
  phase L169..224 "After graph building" [graph]: 24 nodes, 6 blocks, 3 frame-lines, 4 annotations
  phase L224..278 "After use marking" [graph]: 23 nodes, 6 blocks, 3 frame-lines, 4 annotations
  phase L278..332 "After register allocation pre-processing" [graph]: 23 nodes, 6 blocks, 3 frame-lines, 4 annotations
  phase L332..393 "After register allocation" [graph]: 28 nodes, 6 blocks, 3 frame-lines, 7 annotations
  totals: 14 opcodes, 2 distinct frames, 0 unparsed
compilation 2 L393..528 sfi=0x9b80101e191 tier=Maglev ord=3 name="load"
  script "workloads/poly.js"
  phase L394..424 "Bytecode array" [bytecode]
  phase L424..450 "After graph building" [graph]: 12 nodes, 2 blocks, 2 frame-lines, 0 annotations
  phase L450..475 "After use marking" [graph]: 11 nodes, 2 blocks, 2 frame-lines, 0 annotations
  phase L475..500 "After register allocation pre-processing" [graph]: 11 nodes, 2 blocks, 2 frame-lines, 0 annotations
  phase L500..528 "After register allocation" [graph]: 15 nodes, 2 blocks, 2 frame-lines, 0 annotations
  totals: 10 opcodes, 2 distinct frames, 0 unparsed
compilation 3 L528..1462 sfi=0x9b80101e121 tier=Maglev ord=1 name=""
  script "workloads/poly.js"
  phase L529..721 "Bytecode array" [bytecode]
  phase L721..751 "Inlining 0x09b80101e191 <SharedFunctionInfo load> with bytecode" [inlining "load"]
  phase L751..781 "Inlining 0x09b80101e191 <SharedFunctionInfo load> with bytecode" [inlining "load"]
  phase L781..954 "After graph building" [graph]: 79 nodes, 10 blocks, 30 frame-lines, 2 annotations
  phase L954..1113 "After use marking" [graph]: 65 nodes, 10 blocks, 30 frame-lines, 2 annotations
  phase L1113..1272 "After register allocation pre-processing" [graph]: 65 nodes, 10 blocks, 30 frame-lines, 2 annotations
  phase L1272..1462 "After register allocation" [graph]: 94 nodes, 10 blocks, 30 frame-lines, 5 annotations
  totals: 31 opcodes, 9 distinct frames, 0 unparsed
