lines: 5036
version: 14.9
compilation 0 L0..738 sfi=0x9b80101e1d5 tier=Maglev ord=1 name="mayThrow"
  script "workloads/throw.js"
  phase L1..143 "Bytecode array" [bytecode]
  phase L143..249 "After graph building" [graph]: 56 nodes, 4 blocks, 12 frame-lines, 0 annotations
  phase L249..355 "After propagating truncation" [graph]: 56 nodes, 4 blocks, 12 frame-lines, 0 annotations
  phase L355..453 "After truncation" [graph]: 56 nodes, 4 blocks, 4 frame-lines, 0 annotations
  phase L453..545 "After use marking" [graph]: 51 nodes, 4 blocks, 4 frame-lines, 0 annotations
  phase L545..637 "After register allocation pre-processing" [graph]: 51 nodes, 4 blocks, 4 frame-lines, 0 annotations
  phase L637..738 "After register allocation" [graph]: 61 nodes, 4 blocks, 4 frame-lines, 0 annotations
  totals: 21 opcodes, 3 distinct frames, 0 unparsed
compilation 1 L738..991 sfi=0x9b80101e205 tier=Maglev ord=1 name="risky"
  script "workloads/throw.js"
  phase L739..808 "Bytecode array" [bytecode]
  phase L808..852 "After graph building" [graph]: 20 nodes, 3 blocks, 6 frame-lines, 0 annotations
  phase L852..896 "After use marking" [graph]: 20 nodes, 3 blocks, 6 frame-lines, 0 annotations
  phase L896..940 "After register allocation pre-processing" [graph]: 20 nodes, 3 blocks, 6 frame-lines, 0 annotations
  phase L940..991 "After register allocation" [graph]: 28 nodes, 3 blocks, 6 frame-lines, 0 annotations
  totals: 15 opcodes, 4 distinct frames, 0 unparsed
compilation 2 L991..1179 sfi=0x9b80101e235 tier=Maglev ord=1 name="bare"
  script "workloads/throw.js"
  phase L992..1043 "Bytecode array" [bytecode]
  phase L1043..1076 "After graph building" [graph]: 15 nodes, 3 blocks, 2 frame-lines, 0 annotations
  phase L1076..1109 "After use marking" [graph]: 15 nodes, 3 blocks, 2 frame-lines, 0 annotations
  phase L1109..1142 "After register allocation pre-processing" [graph]: 15 nodes, 3 blocks, 2 frame-lines, 0 annotations
  phase L1142..1179 "After register allocation" [graph]: 20 nodes, 3 blocks, 2 frame-lines, 0 annotations
  totals: 10 opcodes, 2 distinct frames, 0 unparsed
compilation 3 L1179..1969 sfi=0x9b80101e1d5 tier=Maglev ord=2 name="mayThrow"
  script "workloads/throw.js"
  phase L1180..1323 "Bytecode array" [bytecode]
  phase L1323..1437 "After graph building" [graph]: 61 nodes, 4 blocks, 14 frame-lines, 0 annotations
  phase L1437..1551 "After propagating truncation" [graph]: 61 nodes, 4 blocks, 14 frame-lines, 0 annotations
  phase L1551..1657 "After truncation" [graph]: 61 nodes, 4 blocks, 6 frame-lines, 0 annotations
  phase L1657..1757 "After use marking" [graph]: 56 nodes, 4 blocks, 6 frame-lines, 0 annotations
  phase L1757..1857 "After register allocation pre-processing" [graph]: 56 nodes, 4 blocks, 6 frame-lines, 0 annotations
  phase L1857..1969 "After register allocation" [graph]: 69 nodes, 4 blocks, 6 frame-lines, 0 annotations
  totals: 22 opcodes, 6 distinct frames, 0 unparsed
compilation 4 L1969..2319 sfi=0x9b80101e205 tier=Maglev ord=2 name="risky"
  script "workloads/throw.js"
  phase L1970..2039 "Bytecode array" [bytecode]
  phase L2039..2112 "After graph building" [graph]: 37 nodes, 4 blocks, 8 frame-lines, 2 annotations
  phase L2112..2184 "After use marking" [graph]: 36 nodes, 4 blocks, 8 frame-lines, 2 annotations
  phase L2184..2246 "After register allocation pre-processing" [graph]: 27 nodes, 4 blocks, 8 frame-lines, 2 annotations
  phase L2246..2319 "After register allocation" [graph]: 37 nodes, 4 blocks, 8 frame-lines, 4 annotations
  totals: 25 opcodes, 6 distinct frames, 0 unparsed
compilation 5 L2319..2563 sfi=0x9b80101e235 tier=Maglev ord=2 name="bare"
  script "workloads/throw.js"
  phase L2320..2371 "Bytecode array" [bytecode]
  phase L2371..2424 "After graph building" [graph]: 29 nodes, 4 blocks, 3 frame-lines, 0 annotations
  phase L2424..2476 "After use marking" [graph]: 28 nodes, 4 blocks, 3 frame-lines, 0 annotations
  phase L2476..2517 "After register allocation pre-processing" [graph]: 18 nodes, 4 blocks, 3 frame-lines, 0 annotations
  phase L2517..2563 "After register allocation" [graph]: 24 nodes, 4 blocks, 3 frame-lines, 0 annotations
  totals: 17 opcodes, 4 distinct frames, 0 unparsed
compilation 6 L2563..4053 sfi=0x9b80101e15d tier=Maglev ord=1 name=""
  script "workloads/throw.js"
  phase L2564..2657 "Bytecode array" [bytecode]
  phase L2657..2726 "Inlining 0x09b80101e205 <SharedFunctionInfo risky> with bytecode" [inlining "risky"]
  phase L2726..2777 "Inlining 0x09b80101e235 <SharedFunctionInfo bare> with bytecode" [inlining "bare"]
  phase L2777..2846 "Inlining 0x09b80101e205 <SharedFunctionInfo risky> with bytecode" [inlining "risky"]
  phase L2846..2897 "Inlining 0x09b80101e235 <SharedFunctionInfo bare> with bytecode" [inlining "bare"]
  phase L2897..3197 "After graph building" [graph]: 129 nodes, 20 blocks, 47 frame-lines, 8 annotations
  phase L3197..3488 "After use marking" [graph]: 120 nodes, 20 blocks, 47 frame-lines, 8 annotations
  phase L3488..3742 "After register allocation pre-processing" [graph]: 87 nodes, 20 blocks, 47 frame-lines, 8 annotations
  phase L3742..4053 "After register allocation" [graph]: 131 nodes, 20 blocks, 47 frame-lines, 22 annotations
  totals: 33 opcodes, 33 distinct frames, 0 unparsed
compilation 7 L4053..5036 sfi=0x9b80101e15d tier=Maglev ord=2 name=""
  script "workloads/throw.js"
  phase L4054..4147 "Bytecode array" [bytecode]
  phase L4147..4198 "Inlining 0x09b80101e235 <SharedFunctionInfo bare> with bytecode" [inlining "bare"]
  phase L4198..4249 "Inlining 0x09b80101e235 <SharedFunctionInfo bare> with bytecode" [inlining "bare"]
  phase L4249..4452 "After graph building" [graph]: 94 nodes, 14 blocks, 25 frame-lines, 4 annotations
  phase L4452..4646 "After use marking" [graph]: 85 nodes, 14 blocks, 25 frame-lines, 4 annotations
  phase L4646..4820 "After register allocation pre-processing" [graph]: 67 nodes, 14 blocks, 25 frame-lines, 4 annotations
  phase L4820..5036 "After register allocation" [graph]: 104 nodes, 14 blocks, 25 frame-lines, 10 annotations
  totals: 34 opcodes, 23 distinct frames, 0 unparsed
