lines: 236
version: unknown
compilation 0 L1..109 sfi=0x0 tier=Turbofan ord=1 name="add"
  phase L7..15 "Optimized code" [listing]: 0 disasm, 0 annotations
  phase L15..89 "Instructions" [listing]: 72 disasm, 0 annotations
  phase L89..91 "Inlined functions" [listing]: 0 disasm, 0 annotations
  phase L91..98 "Deoptimization Input Data" [listing]: 0 disasm, 0 annotations
  phase L98..102 "Safepoints" [listing]: 0 disasm, 0 annotations
  phase L102..109 "RelocInfo" [listing]: 0 disasm, 0 annotations
  totals: 0 opcodes, 0 distinct frames
compilation 1 L109..235 sfi=0x0 tier=Turbofan ord=2 name="add"
  phase L115..123 "Optimized code" [listing]: 0 disasm, 0 annotations
  phase L123..216 "Instructions" [listing]: 91 disasm, 0 annotations
  phase L216..218 "Inlined functions" [listing]: 0 disasm, 0 annotations
  phase L218..224 "Deoptimization Input Data" [listing]: 0 disasm, 0 annotations
  phase L224..228 "Safepoints" [listing]: 0 disasm, 0 annotations
  phase L228..235 "RelocInfo" [listing]: 0 disasm, 0 annotations
  totals: 0 opcodes, 0 distinct frames
raw L0..1 "V8 is running with developer-only features enabled. Stability and security will suffer."
raw L235..236 "704982704"
