V8 is running with developer-only features enabled. Stability and security will suffer.
[generated bytecode for function:  (0x09b80101e265 <SharedFunctionInfo>)]
Bytecode length: 66
Parameter count 1
Register count 4
Frame size 32
         0x31a010000c0 @    0 : 13 00             LdaConstant [0:0x09b80101e2bd <FixedArray[2]>]
         0x31a010000c2 @    2 : d3                Star2
         0x31a010000c3 @    3 : 1b fe f6          Mov <closure>, r3
         0x31a010000c6 @    6 : 70 77 01 f7 02    CallRuntime [DeclareGlobals], r2-r3
         0x31a010000cb @   11 : 0c                LdaZero
         0x31a010000cc @   12 : 29 02             StaCurrentContextSlot [2]
         0x31a010000ce @   14 : 0c                LdaZero
         0x31a010000cf @   15 : d4                Star1
         0x31a010000d0 @   16 : 01 0d a0 86 01 00 LdaSmi.ExtraWide [100000]
         0x31a010000d6 @   22 : 79 f8 00          TestLessThan r1, EmbeddedFeedback[0]
         0x31a010000d9 @   25 : a8 1c             JumpIfFalse [28] (0x31a010000f5 @ 53)
         0x31a010000db @   27 : 23 01 00          LdaGlobal [1:"add"], FBV[0]
         0x31a010000de @   30 : d3                Star2
         0x31a010000df @   31 : 18 02             LdaCurrentContextSlot [2]
         0x31a010000e1 @   33 : d2                Star3
         0x31a010000e2 @   34 : 6e f7 f6 f8 02    CallUndefinedReceiver2 r2, r3, r1, FBV[2]
         0x31a010000e7 @   39 : 55 00 00          BitwiseOrSmi [0], EmbeddedFeedback[0]
         0x31a010000ea @   42 : 29 02             StaCurrentContextSlot [2]
         0x31a010000ec @   44 : 0b f8             Ldar r1
         0x31a010000ee @   46 : 5b 04             Inc FBV[4]
         0x31a010000f0 @   48 : d4                Star1
         0x31a010000f1 @   49 : 97 21 00 05       JumpLoop [33], [0], FBV[5] (0x31a010000d0 @ 16)
         0x31a010000f5 @   53 : 23 02 07          LdaGlobal [2:"print"], FBV[7]
         0x31a010000f8 @   56 : d3                Star2
         0x31a010000f9 @   57 : 18 02             LdaCurrentContextSlot [2]
         0x31a010000fb @   59 : d2                Star3
         0x31a010000fc @   60 : 6d f7 f6 09       CallUndefinedReceiver1 r2, r3, FBV[9]
         0x31a01000100 @   64 : d5                Star0
         0x31a01000101 @   65 : b9                Return
Constant pool (size = 3)
0x31a01000085: [TrustedFixedArray]
 - map: 0x09b800000605 <Map(TRUSTED_FIXED_ARRAY_TYPE)>
 - length: 3
           0: 0x09b80101e2bd <FixedArray[2]>
           1: 0x09b800003d75 <String[3]: #add>
           2: 0x09b801002e31 <String[5]: #print>
Handler Table (size = 0)
Source Position Table (size = 0)
[generated bytecode for function: add (0x09b80101e2cd <SharedFunctionInfo add>)]
Bytecode length: 6
Parameter count 3
Register count 0
Frame size 0
         0x31a0100012c @    0 : 0b 04             Ldar a1
         0x31a0100012e @    2 : 42 03 00          Add a0, EmbeddedFeedback[0]
         0x31a01000131 @    5 : b9                Return
Constant pool (size = 0)
Handler Table (size = 0)
Source Position Table (size = 0)
704982704
