V8 is running with developer-only features enabled. Stability and security will suffer.
[marking 0x09b80101e52d <JSFunction sum (sfi = 0x9b80101e3e5)> for optimization to MAGLEV, ConcurrencyMode::kConcurrent, reason: hot and stable]
[compiling method 0x09b80101e52d <JSFunction sum (sfi = 0x9b80101e3e5)> (target MAGLEV), mode: ConcurrencyMode::kSynchronous]
[completed compiling 0x09b80101e52d <JSFunction sum (sfi = 0x9b80101e3e5)> (target MAGLEV) - took 0.000, 0.242, 0.022 ms]
[marking 0x09b80101e595 <JSFunction flipflop (sfi = 0x9b80101e445)> for optimization to MAGLEV, ConcurrencyMode::kConcurrent, reason: hot and stable]
[compiling method 0x09b80101e595 <JSFunction flipflop (sfi = 0x9b80101e445)> (target MAGLEV), mode: ConcurrencyMode::kSynchronous]
[completed compiling 0x09b80101e595 <JSFunction flipflop (sfi = 0x9b80101e445)> (target MAGLEV) - took 0.001, 0.020, 0.002 ms]
[marking 0x09b80101e561 <JSFunction scale (sfi = 0x9b80101e415)> for optimization to MAGLEV, ConcurrencyMode::kConcurrent, reason: hot and stable]
[compiling method 0x09b80101e561 <JSFunction scale (sfi = 0x9b80101e415)> (target MAGLEV), mode: ConcurrencyMode::kSynchronous]
[completed compiling 0x09b80101e561 <JSFunction scale (sfi = 0x9b80101e415)> (target MAGLEV) - took 0.000, 0.094, 0.005 ms]
[bailout (kind: deopt-eager, reason: not a Smi): begin. deoptimizing 0x09b80101e595 <JSFunction flipflop (sfi = 0x9b80101e445)>, 0x031a01000865 <Code MAGLEV>, opt id 1, bytecode offset 2, deopt exit 0, FP to SP delta 32, caller SP 0x00016fbcd770, pc 0x000150000554]
[marking 0x09b80101e4b5 <JSFunction (sfi = 0x9b80101e365)> for optimization to MAGLEV, ConcurrencyMode::kConcurrent, reason: hot and stable]
[marking 0x09b80101e595 <JSFunction flipflop (sfi = 0x9b80101e445)> for optimization to MAGLEV, ConcurrencyMode::kConcurrent, reason: hot and stable]
[compiling method 0x09b80101e595 <JSFunction flipflop (sfi = 0x9b80101e445)> (target MAGLEV), mode: ConcurrencyMode::kSynchronous]
[completed compiling 0x09b80101e595 <JSFunction flipflop (sfi = 0x9b80101e445)> (target MAGLEV) - took 0.000, 0.017, 0.001 ms]
[marking 0x09b80101e52d <JSFunction sum (sfi = 0x9b80101e3e5)> for optimization to TURBOFAN_JS, ConcurrencyMode::kConcurrent, reason: hot and stable]
[compiling method 0x09b80101e52d <JSFunction sum (sfi = 0x9b80101e3e5)> (target TURBOFAN_JS), mode: ConcurrencyMode::kSynchronous]
[completed compiling 0x09b80101e52d <JSFunction sum (sfi = 0x9b80101e3e5)> (target TURBOFAN_JS) - took 0.010, 0.651, 0.006 ms]
[marking 0x09b80101e595 <JSFunction flipflop (sfi = 0x9b80101e445)> for optimization to TURBOFAN_JS, ConcurrencyMode::kConcurrent, reason: hot and stable]
[compiling method 0x09b80101e595 <JSFunction flipflop (sfi = 0x9b80101e445)> (target TURBOFAN_JS), mode: ConcurrencyMode::kSynchronous]
[completed compiling 0x09b80101e595 <JSFunction flipflop (sfi = 0x9b80101e445)> (target TURBOFAN_JS) - took 0.001, 0.170, 0.001 ms]
[marking 0x09b80101e561 <JSFunction scale (sfi = 0x9b80101e415)> for optimization to TURBOFAN_JS, ConcurrencyMode::kConcurrent, reason: hot and stable]
[compiling method 0x09b80101e561 <JSFunction scale (sfi = 0x9b80101e415)> (target TURBOFAN_JS), mode: ConcurrencyMode::kSynchronous]
[completed compiling 0x09b80101e561 <JSFunction scale (sfi = 0x9b80101e415)> (target TURBOFAN_JS) - took 0.001, 0.452, 0.004 ms]
[compiling method 0x09b80101e4b5 <JSFunction (sfi = 0x9b80101e365)> (target MAGLEV) OSR, mode: ConcurrencyMode::kSynchronous]
[completed compiling 0x09b80101e4b5 <JSFunction (sfi = 0x9b80101e365)> (target MAGLEV) OSR - took 0.000, 0.254, 0.006 ms]
[bailout (kind: deopt-eager, reason: Insufficient type feedback for generic global access): begin. deoptimizing 0x09b80101e4b5 <JSFunction (sfi = 0x9b80101e365)>, 0x031a01002e31 <Code MAGLEV>, opt id 7, bytecode offset 181, deopt exit 46, FP to SP delta 128, caller SP 0x00016fbcd808, pc 0x000150003560]
68235400
