Compiling 0x09b80101e0d5 <JSFunction add (sfi = 0x9b80101e031)> with Maglev
----- Bytecode array -----
Parameter count 3
Register count 0
Frame size 0
         0x31a0100012c @    0 : 0b 04             Ldar a1
         0x31a0100012e @    2 : 42 03 00          Add a0, FBV[0]
         0x31a01000131 @    5 : b9                Return
Constant pool (size = 0)
Handler Table (size = 0)
Source Position Table (size = 0)
0x9b80101e19d: [FeedbackVector] in OldSpace
 - map: 0x09b800000899 <Map(FEEDBACK_VECTOR_TYPE)>
 - length: 1
 - shared function info: 0x09b80101e031 <SharedFunctionInfo add>
 - tiering_in_progress: 0
 - osr_tiering_in_progress: 0
 - invocation count: 402
 - closure feedback cell array: 0x9b8000021d9: [ClosureFeedbackCellArray] in ReadOnlySpace
 - map: 0x09b800000871 <Map(CLOSURE_FEEDBACK_CELL_ARRAY_TYPE)>
 - length: 0
 - elements:

 - slot #0 BinaryOp BinaryOp:SignedSmall {
     [0]: 1
  }

----- After register allocation -----
Graph

[0m   [0m1/12: Constant(0x09b80101e0a1 <FeedbackCell[one closure]>) → v-1, live range: [1-12]
[0m    [0m2/4: Constant(0x09b80101e0d5 <JSFunction add (sfi = 0x9b80101e031)>) → v-1, live range: [2-11]
[0m    [0m3/5: Constant(0x09b80101e0c1 <ScriptContext[3]>) → v-1, live range: [3-11]
 [0mBlock b0
[0m[1;34m0x09b80101e031 <SharedFunctionInfo add> (0x09b80104a7b1 <String[19]: "workloads/simple.js">:2:12)
[m[0m[0;34m   0 : 0b 04             Ldar a1
[m[0m    [0m4/1: InitialValue(<this>) → [stack:-6|t], live range: [4-11]
[0m    [0m5/2: InitialValue(a0) → [stack:-7|t], live range: [5-11]
[0m    [0m6/3: InitialValue(a1) → [stack:-8|t], live range: [6-11]
[0m    [0m7/7: FunctionEntryStackCheck
[0m         ↳ lazy @-1 (4 live vars)
[0m    [0m8/8: Jump b1
[0m      ↓
 [0mBlock b1
[0m     [0m16: GapMove([stack:-7|t] → [rax|R|t])
[0m[1;34m0x09b80101e031 <SharedFunctionInfo add> (0x09b80104a7b1 <String[19]: "workloads/simple.js">:0:0)
[m[0m[0;34m   2 : 42 03 00          Add a0, FBV[0]
[m[0m         ↱ eager @2 (5 live vars)
[0m    [0m9/9: CheckedSmiUntag [v5/n2:[rax|R|t]] → [rax|R|w32], live range: [9-11]
[0m     [0m17: GapMove([stack:-8|t] → [rcx|R|t])
[0m         ↱ eager @2 (5 live vars)
[0m  [0m10/10: CheckedSmiUntag [v6/n3:[rcx|R|t]] → [rcx|R|w32], live range: [10-11]
[0m         ↱ eager @2 (5 live vars)
[0m  [0m11/11: Int32AddWithOverflow [v9/n9:[rax|R|w32], v10/n10:[rcx|R|w32]] → [rax|R|w32], live range: [11-13]
[0m     [0m18: ConstantGapMove(n12 → [rcx|R|t])
[0m[0;34m   5 : b9                Return
[m[0m  [0m12/13: ReduceInterruptBudgetForReturn(5) [v1/n12:[rcx|R|t]]
[0m  [0m13/14: Int32ToNumber[kCanonicalizeSmi] [v11/n11:[rax|R|w32]] → [rcx|R|t], live range: [13-14]
[0m     [0m19: GapMove([rcx|R|t] → [rax|R|t])
[0m  [0m14/15: Return [v13/n14:[rax|R|t]]
[0m
Compiling 0x09b80101e081 <JSFunction (sfi = 0x9b80101dfc9)> with Maglev
----- Bytecode array -----
Parameter count 1
Register count 4
Frame size 32
         0x31a010000c0 @    0 : 13 00             LdaConstant [0:0x09b80101e021 <FixedArray[2]>]
         0x31a010000c2 @    2 : d2                Star2
         0x31a010000c3 @    3 : 1b fe f6          Mov <closure>, r3
         0x31a010000c6 @    6 : 70 75 01 f7 02    CallRuntime [DeclareGlobals], r2-r3
         0x31a010000cb @   11 : 0c                LdaZero
         0x31a010000cc @   12 : 29 02             StaCurrentContextSlot [2]
         0x31a010000ce @   14 : 0c                LdaZero
         0x31a010000cf @   15 : d3                Star1
         0x31a010000d0 @   16 : 01 0d a0 86 01 00 LdaSmi.ExtraWide [100000]
         0x31a010000d6 @   22 : 79 f8 01 00       TestLessThan r1, EmbeddedFeedback[0x1]
         0x31a010000da @   26 : a8 1c             JumpIfFalse [28] (0x31a010000f6 @ 54)
         0x31a010000dc @   28 : 23 01 01          LdaGlobal [1:"add"], FBV[1]
         0x31a010000df @   31 : d2                Star2
         0x31a010000e0 @   32 : 18 02             LdaCurrentContextSlot [2]
         0x31a010000e2 @   34 : d1                Star3
         0x31a010000e3 @   35 : 6e f7 f6 f8 03    CallUndefinedReceiver2 r2, r3, r1, FBV[3]
         0x31a010000e8 @   40 : 55 00 00          BitwiseOrSmi [0], FBV[0]
         0x31a010000eb @   43 : 29 02             StaCurrentContextSlot [2]
         0x31a010000ed @   45 : 0b f8             Ldar r1
         0x31a010000ef @   47 : 5b 05             Inc FBV[5]
         0x31a010000f1 @   49 : d3                Star1
         0x31a010000f2 @   50 : 97 22 00 06       JumpLoop [34], [0], FBV[6] (0x31a010000d0 @ 16)
         0x31a010000f6 @   54 : 23 02 07          LdaGlobal [2:"print"], FBV[7]
         0x31a010000f9 @   57 : d2                Star2
         0x31a010000fa @   58 : 18 02             LdaCurrentContextSlot [2]
         0x31a010000fc @   60 : d1                Star3
         0x31a010000fd @   61 : 6d f7 f6 09       CallUndefinedReceiver1 r2, r3, FBV[9]
         0x31a01000101 @   65 : d4                Star0
         0x31a01000102 @   66 : b9                Return
Constant pool (size = 3)
0x31a01000085: [TrustedFixedArray]
 - map: 0x09b800000605 <Map(TRUSTED_FIXED_ARRAY_TYPE)>
 - length: 3
           0: 0x09b80101e021 <FixedArray[2]>
           1: 0x09b800003ebd <String[3]: #add>
           2: 0x09b801002e25 <String[5]: #print>
Handler Table (size = 0)
Source Position Table (size = 0)
0x9b80101e245: [FeedbackVector] in OldSpace
 - map: 0x09b800000899 <Map(FEEDBACK_VECTOR_TYPE)>
 - length: 11
 - shared function info: 0x09b80101dfc9 <SharedFunctionInfo>
 - tiering_in_progress: 0
 - osr_tiering_in_progress: 0
 - invocation count: 1
 - closure feedback cell array: 0x9b80104b539: [ClosureFeedbackCellArray]
 - map: 0x09b800000871 <Map(CLOSURE_FEEDBACK_CELL_ARRAY_TYPE)>
 - length: 1
 - elements:
           0: 0x09b80101e0a1 <FeedbackCell[one closure]>

 - slot #0 BinaryOp BinaryOp:SignedSmall {
     [0]: 1
  }
 - slot #1 LoadGlobalNotInsideTypeof MONOMORPHIC
   [weak] 0x09b80101e0f5 <PropertyCell name=0x09b800003ebd <String[3]: #add> value=0x09b80101e0d5 <JSFunction add (sfi = 0x9b80101e031)>> {
     [1]: [weak] 0x09b80101e0f5 <PropertyCell name=0x09b800003ebd <String[3]: #add> value=0x09b80101e0d5 <JSFunction add (sfi = 0x9b80101e031)>>
     [2]: 0x09b800000e95 <Symbol: (uninitialized_symbol)>
  }
 - slot #3 Call MONOMORPHIC {
     [3]: [weak] 0x09b80101e0d5 <JSFunction add (sfi = 0x9b80101e031)>
     [4]: 231336
  }
 - slot #5 BinaryOp BinaryOp:SignedSmall {
     [5]: 1
  }
 - slot #6 JumpLoop JumpLoop {
     [6]: [cleared]
  }
 - slot #7 LoadGlobalNotInsideTypeof UNINITIALIZED {
     [7]: [cleared]
     [8]: 0x09b800000e95 <Symbol: (uninitialized_symbol)>
  }
 - slot #9 Call UNINITIALIZED {
     [9]: 0x09b800000e95 <Symbol: (uninitialized_symbol)>
     [10]: 0
  }

----- Inlining 0x09b80101e031 <SharedFunctionInfo add> with bytecode -----
Parameter count 3
Register count 0
Frame size 0
         0x31a0100012c @    0 : 0b 04             Ldar a1
         0x31a0100012e @    2 : 42 03 00          Add a0, FBV[0]
         0x31a01000131 @    5 : b9                Return
Constant pool (size = 0)
Handler Table (size = 0)
Source Position Table (size = 0)
0x9b80101e19d: [FeedbackVector] in OldSpace
 - map: 0x09b800000899 <Map(FEEDBACK_VECTOR_TYPE)>
 - length: 1
 - shared function info: 0x09b80101e031 <SharedFunctionInfo add>
 - tiering_in_progress: 0
 - osr_tiering_in_progress: 0
 - invocation count: 402
 - closure feedback cell array: 0x9b8000021d9: [ClosureFeedbackCellArray] in ReadOnlySpace
 - map: 0x09b800000871 <Map(CLOSURE_FEEDBACK_CELL_ARRAY_TYPE)>
 - length: 0
 - elements:

 - slot #0 BinaryOp BinaryOp:SignedSmall {
     [0]: 1
  }

----- Inlining 0x09b80101e031 <SharedFunctionInfo add> with bytecode -----
Parameter count 3
Register count 0
Frame size 0
         0x31a0100012c @    0 : 0b 04             Ldar a1
         0x31a0100012e @    2 : 42 03 00          Add a0, FBV[0]
         0x31a01000131 @    5 : b9                Return
Constant pool (size = 0)
Handler Table (size = 0)
Source Position Table (size = 0)
0x9b80101e19d: [FeedbackVector] in OldSpace
 - map: 0x09b800000899 <Map(FEEDBACK_VECTOR_TYPE)>
 - length: 1
 - shared function info: 0x09b80101e031 <SharedFunctionInfo add>
 - tiering_in_progress: 0
 - osr_tiering_in_progress: 0
 - invocation count: 402
 - closure feedback cell array: 0x9b8000021d9: [ClosureFeedbackCellArray] in ReadOnlySpace
 - map: 0x09b800000871 <Map(CLOSURE_FEEDBACK_CELL_ARRAY_TYPE)>
 - length: 0
 - elements:

 - slot #0 BinaryOp BinaryOp:SignedSmall {
     [0]: 1
  }

----- After register allocation -----
Graph

   [0m   [0m1/30: Constant(0x09b80101e0b1 <FeedbackCell[one closure]>) → v-1, live range: [1-37]
   [0m   [0m2/17: Constant(0x09b80101e0d5 <JSFunction add (sfi = 0x9b80101e031)>) → v-1, live range: [2-37]
   [0m   [0m3/20: Constant(0x09b80101e0c1 <ScriptContext[3]>) → v-1, live range: [3-37]
   [0m   [0m4/21: Constant(0x09b801004925 <JSGlobalProxy>) → v-1, live range: [4-37]
   [0m   [0m5/10: SmiConstant(100000) → v-1, live range: [5-37]
   [0m   [0m6/12: Int32Constant(100000) → v-1, live range: [6-37]
    [0mBlock b0
   [0m[1;34m0x09b80101dfc9 <SharedFunctionInfo> (0x09b80104a7b1 <String[19]: "workloads/simple.js">:0:0)
[m   [0m[0;34m  16 : 01 0d a0 86 01 00 LdaSmi.ExtraWide [100000]
[m   [0m    [0m7/1: InitialValue(<this>) → [stack:-6|t], live range: [7-40]
   [0m    [0m8/2: InitialValue(<context>) → [stack:-3|t], live range: [8-40]
   [0m    [0m9/3: InitialValue(<closure>) → [stack:-2|t], live range: [9-40]
   [0m   [0m10/5: InitialValue(r1) → [stack:4|t], live range: [10-21]
   [0m   [0m11/8: FunctionEntryStackCheck
   [0m         ↳ lazy @50 (3 live vars)
   [0m         ↱ eager @50 (3 live vars)
   [0m   [0m12/9: CheckpointedJump b1
   [0m      ↓
    [0mBlock b1
   [0m     [0m53: GapMove([stack:4|t] → [rax|R|t])
   [0m[0;34m  22 : 79 f8 01 00       TestLessThan r1, EmbeddedFeedback[0x1]
[m   [0m         ↱ eager @22 (4 live vars)
   [0m  [0m13/11: CheckedSmiUntag [v10/n5:[rax|R|t]] → [rax|R|w32], live range: [13-21]
   [0m     [0m54: ConstantGapMove(n12 → [rcx|R|w32])
   [0m[0;34m  26 : a8 1c             JumpIfFalse [28]
[m[0;31m╭────[0m14/14: BranchIfInt32Compare(LessThan) [v13/n11:[rax|R|w32], v6/n12:[rcx|R|w32]] b2 b8
[0;31m│  [0m      ↓
[0;31m│   [0mBlock b2
[0;31m│  [0m     [0m55: GapMove([stack:-3|t] → [rdi|R|t])
[0;31m│  [0m[0;34m  32 : 18 02             LdaCurrentContextSlot [2]
[m[0;31m│  [0m  [0m15/18: LoadContextSlot(0x10, mutable) [v8/n2:[rdi|R|t]] → [rsi|R|t] (spilled: [stack:3|t]), live range: [15-17]
[0;31m│  [0m[1;34m0x09b80101e031 <SharedFunctionInfo add> (0x09b80104a7b1 <String[19]: "workloads/simple.js">:2:12)
[m[0;31m│  [0m[0;34m   0 : 0b 04             Ldar a1
[m[0;31m│  [0m  [0m16/22: Jump b3
[0;31m│  [0m      ↓
[0;31m│   [0mBlock b3
[0;31m│  [0m[1;34m0x09b80101e031 <SharedFunctionInfo add> (0x09b80104a7b1 <String[19]: "workloads/simple.js">:0:0)
[m[0;31m│  [0m[0;34m   2 : 42 03 00          Add a0, FBV[0]
[m[0;31m│  [0m         ↱ eager @35 (3 live vars)
[0;31m│  [0m         │       @2 (5 live vars)
[0;31m│  [0m  [0m17/23: CheckedSmiUntag [v15/n18:[rsi|R|t]] → [rsi|R|w32], live range: [17-18]
[0;31m│  [0m     [0m56: GapMove([rax|R|w32] → [rdx|R|w32])
[0;31m│  [0m  [0m18/24: Int32Add [v13/n11:[rax|R|w32], v17/n23:[rsi|R|w32]] → [rax|R|w32], live range: [18-19]
[0;31m│  [0m[1;34m0x09b80101dfc9 <SharedFunctionInfo> (0x09b80104a7b1 <String[19]: "workloads/simple.js">:0:0)
[m[0;31m│  [0m[0;34m  43 : 29 02             StaCurrentContextSlot [2]
[m[0;31m│  [0m  [0m19/27: Int32ToNumber[kCanonicalizeSmi] [v18/n24:[rax|R|w32]] → [rbx|R|t], live range: [19-20]
[0;31m│  [0m  [0m20/28: StoreContextSlotWithWriteBarrier(2, mutable) [v8/n2:[rdi|R|t], v19/n27:[rbx|R|t]]
[0;31m│  [0m         ↳ lazy @43 (3 live vars)
[0;31m│  [0m[0;34m  47 : 5b 05             Inc FBV[5]
[m[0;31m│  [0m         ↱ eager @47 (3 live vars)
[0;31m│  [0m  [0m21/29: Int32IncrementWithOverflow [v13/n11:[rdx|R|w32]] → [rdx|R|w32] (spilled: [stack:0|w32]), live range: [21-23]
[0;31m│  [0m     [0m57: ConstantGapMove(n30 → [rax|R|t])
[0;31m│  [0m[0;34m  50 : 97 22 00 06       JumpLoop [34], [0], FBV[6]
[m[0;31m│  [0m  [0m22/31: ReduceInterruptBudgetForLoop(27) [v1/n30:[rax|R|t]]
[0;31m│  [0m         ↳ lazy @50 (3 live vars)
[0;31m│  [0m  [0m23/34: Int32ToNumber[kCanonicalizeSmi] [v21/n29:[rdx|R|w32]] → [rbx|R|t], live range: [23-24]
[0;31m│  [0m  [0m24/33: Jump b4
[0;31m│  [0m      │  with gap moves:
[0;31m│  [0m      │    - v23/n34:[rbx|R|t] → 35: φᵀ r1 [rbx|R|t]
[0;31m│  [0m      │  with register merges:
[0;31m│  [0m      ▼
[0;31m│[0;32m╭─►[0mBlock b4 peeled (effects:)
[0;31m│[0;32m│ [0m  [0m25/35: φᵀ r1 (n34, n49) (compressed) → [rbx|R|t] (spilled: [stack:3|t]), live range: [25-34]
[0;31m│[0;32m│ [0m     [0m58: GapMove([rbx|R|t] → [rdx|R|t])
[0;31m│[0;32m│ [0m[0;34m  22 : 79 f8 01 00       TestLessThan r1, EmbeddedFeedback[0x1]
[m[0;31m│[0;32m│ [0m         ↱ eager @22 (4 live vars)
[0;31m│[0;32m│ [0m  [0m26/36: CheckedSmiUntag [v25/n35:[rbx|R|t]] → [rbx|R|w32], live range: [26-34]
[0;31m│[0;32m│ [0m[0;34m  26 : a8 1c             JumpIfFalse [28]
[m[0;31m│[0;32m│[0;33m╭──[0m27/38: BranchIfInt32Compare(LessThan) [v26/n36:[rbx|R|w32], v6/n12:[rcx|R|w32]] b5 b7
[0;31m│[0;32m│[0;33m│[0m      ↓
[0;31m│[0;32m│[0;33m│ [0mBlock b5
[0;31m│[0;32m│[0;33m│[0m[0;34m  32 : 18 02             LdaCurrentContextSlot [2]
[m[0;31m│[0;32m│[0;33m│[0m  [0m28/39: LoadContextSlot(0x10, mutable) [v8/n2:[rdi|R|t]] → [r9|R|t] (spilled: [stack:4|t]), live range: [28-30]
[0;31m│[0;32m│[0;33m│[0m[1;34m0x09b80101e031 <SharedFunctionInfo add> (0x09b80104a7b1 <String[19]: "workloads/simple.js">:2:12)
[m[0;31m│[0;32m│[0;33m│[0m[0;34m   0 : 0b 04             Ldar a1
[m[0;31m│[0;32m│[0;33m│[0m  [0m29/40: Jump b6
[0;31m│[0;32m│[0;33m│[0m      ↓
[0;31m│[0;32m│[0;33m│ [0mBlock b6
[0;31m│[0;32m│[0;33m│[0m[1;34m0x09b80101e031 <SharedFunctionInfo add> (0x09b80104a7b1 <String[19]: "workloads/simple.js">:0:0)
[m[0;31m│[0;32m│[0;33m│[0m[0;34m   2 : 42 03 00          Add a0, FBV[0]
[m[0;31m│[0;32m│[0;33m│[0m         ↱ eager @35 (3 live vars)
[0;31m│[0;32m│[0;33m│[0m         │       @2 (5 live vars)
[0;31m│[0;32m│[0;33m│[0m  [0m30/41: CheckedSmiUntag [v28/n39:[r9|R|t]] → [r9|R|w32], live range: [30-31]
[0;31m│[0;32m│[0;33m│[0m     [0m59: GapMove([rbx|R|w32] → [rsi|R|w32])
[0;31m│[0;32m│[0;33m│[0m  [0m31/42: Int32Add [v26/n36:[rbx|R|w32], v30/n41:[r9|R|w32]] → [rbx|R|w32], live range: [31-32]
[0;31m│[0;32m│[0;33m│[0m[1;34m0x09b80101dfc9 <SharedFunctionInfo> (0x09b80104a7b1 <String[19]: "workloads/simple.js">:0:0)
[m[0;31m│[0;32m│[0;33m│[0m[0;34m  43 : 29 02             StaCurrentContextSlot [2]
[m[0;31m│[0;32m│[0;33m│[0m  [0m32/44: Int32ToNumber[kCanonicalizeSmi] [v31/n42:[rbx|R|w32]] → [r8|R|t], live range: [32-33]
[0;31m│[0;32m│[0;33m│[0m  [0m33/45: StoreContextSlotWithWriteBarrier(2, mutable) [v8/n2:[rdi|R|t], v32/n44:[r8|R|t]]
[0;31m│[0;32m│[0;33m│[0m         ↳ lazy @43 (3 live vars)
[0;31m│[0;32m│[0;33m│[0m[0;34m  47 : 5b 05             Inc FBV[5]
[m[0;31m│[0;32m│[0;33m│[0m         ↱ eager @47 (3 live vars)
[0;31m│[0;32m│[0;33m│[0m  [0m34/46: Int32IncrementWithOverflow [v26/n36:[rsi|R|w32]] → [rsi|R|w32] (spilled: [stack:1|w32]), live range: [34-36]
[0;31m│[0;32m│[0;33m│[0m[0;34m  50 : 97 22 00 06       JumpLoop [34], [0], FBV[6]
[m[0;31m│[0;32m│[0;33m│[0m  [0m35/47: ReduceInterruptBudgetForLoop(27) [v1/n30:[rax|R|t]]
[0;31m│[0;32m│[0;33m│[0m         ↳ lazy @50 (3 live vars)
[0;31m│[0;32m│[0;33m│[0m  [0m36/49: Int32ToNumber[kCanonicalizeSmi] [v34/n46:[rsi|R|w32]] → [rbx|R|t], live range: [36-37]
[0;31m│[0;32m│[0;33m│[0m         ↱ eager @47 (3 live vars)
[0;31m│[0;32m╰─◄─[0m37/48: JumpLoop b4
[0;31m│ [0;33m│[0m         with gap moves:
[0;31m│ [0;33m│[0m           - v36/n49:[rbx|R|t] → 35: φᵀ r1 [rbx|R|t]
[0;31m│ [0;33m│[0m         with register merges:
[0;31m│ [0;33m│[0m
[0;31m│ [0;33m╰►[0mBlock b7
[0;31m│  [0m[0;34m  54 : 23 02 07          LdaGlobal [2:"print"], FBV[7]
[m[0;31m│[0;32m╭───[0m38/50: Jump b9
[0;31m│[0;32m│ [0m
[0;31m╰──►[0mBlock b8
 [0;32m│ [0m  [0m39/51: Jump b9
 [0;32m│ [0m      ↓
 [0;32m╰─►[0mBlock b9
   [0m         ↱ eager @54 (2 live vars)
   [0m  [0m40/52: Deopt(Insufficient type feedback for generic global access)
   [0m
Compiling 0x09b80101e0d5 <JSFunction add (sfi = 0x9b80101e031)> with Maglev
----- Bytecode array -----
Parameter count 3
Register count 0
Frame size 0
         0x31a0100012c @    0 : 0b 04             Ldar a1
         0x31a0100012e @    2 : 42 03 00          Add a0, FBV[0]
         0x31a01000131 @    5 : b9                Return
Constant pool (size = 0)
Handler Table (size = 0)
Source Position Table (size = 0)
0x9b80101e19d: [FeedbackVector] in OldSpace
 - map: 0x09b800000899 <Map(FEEDBACK_VECTOR_TYPE)>
 - length: 1
 - shared function info: 0x09b80101e031 <SharedFunctionInfo add>
 - tiering_in_progress: 0
 - osr_tiering_in_progress: 0
 - invocation count: 803
 - closure feedback cell array: 0x9b8000021d9: [ClosureFeedbackCellArray] in ReadOnlySpace
 - map: 0x09b800000871 <Map(CLOSURE_FEEDBACK_CELL_ARRAY_TYPE)>
 - length: 0
 - elements:

 - slot #0 BinaryOp BinaryOp:AdditiveSafeInteger {
     [0]: 7
  }

----- After register allocation -----
Graph

[0m   [0m1/12: Constant(0x09b80101e0a1 <FeedbackCell[one closure]>) → v-1, live range: [1-12]
[0m    [0m2/4: Constant(0x09b80101e0d5 <JSFunction add (sfi = 0x9b80101e031)>) → v-1, live range: [2-10]
[0m    [0m3/5: Constant(0x09b80101e0c1 <ScriptContext[3]>) → v-1, live range: [3-10]
 [0mBlock b0
[0m[1;34m0x09b80101e031 <SharedFunctionInfo add> (0x09b80104a7b1 <String[19]: "workloads/simple.js">:2:12)
[m[0m[0;34m   0 : 0b 04             Ldar a1
[m[0m    [0m4/1: InitialValue(<this>) → [stack:-6|t], live range: [4-10]
[0m    [0m5/2: InitialValue(a0) → [stack:-7|t], live range: [5-10]
[0m    [0m6/3: InitialValue(a1) → [stack:-8|t], live range: [6-10]
[0m    [0m7/7: FunctionEntryStackCheck
[0m         ↳ lazy @-1 (4 live vars)
[0m    [0m8/8: Jump b1
[0m      ↓
 [0mBlock b1
[0m     [0m16: GapMove([stack:-7|t] → [rax|R|t])
[0m[1;34m0x09b80101e031 <SharedFunctionInfo add> (0x09b80104a7b1 <String[19]: "workloads/simple.js">:0:0)
[m[0m[0;34m   2 : 42 03 00          Add a0, FBV[0]
[m[0m         ↱ eager @2 (5 live vars)
[0m    [0m9/9: CheckedNumberToFloat64 [v5/n2:[rax|R|t]] → [xmm0|R|f64], live range: [9-11]
[0m     [0m17: GapMove([stack:-8|t] → [rax|R|t])
[0m         ↱ eager @2 (5 live vars)
[0m  [0m10/10: CheckedNumberToFloat64 [v6/n3:[rax|R|t]] → [xmm1|R|f64], live range: [10-11]
[0m  [0m11/11: Float64Add [v9/n9:[xmm0|R|f64], v10/n10:[xmm1|R|f64]] → [xmm0|R|f64], live range: [11-13]
[0m     [0m18: ConstantGapMove(n12 → [rax|R|t])
[0m[0;34m   5 : b9                Return
[m[0m  [0m12/13: ReduceInterruptBudgetForReturn(5) [v1/n12:[rax|R|t]]
[0m  [0m13/14: Float64ToTagged[kCanonicalizeSmi] [v11/n11:[xmm0|R|f64]] → [rax|R|t], live range: [13-14]
[0m  [0m14/15: Return [v13/n14:[rax|R|t]]
[0m
Compiling 0x09b80101e081 <JSFunction (sfi = 0x9b80101dfc9)> with Maglev
----- Bytecode array -----
Parameter count 1
Register count 4
Frame size 32
         0x31a010000c0 @    0 : 13 00             LdaConstant [0:0x09b80101e021 <FixedArray[2]>]
         0x31a010000c2 @    2 : d2                Star2
         0x31a010000c3 @    3 : 1b fe f6          Mov <closure>, r3
         0x31a010000c6 @    6 : 70 75 01 f7 02    CallRuntime [DeclareGlobals], r2-r3
         0x31a010000cb @   11 : 0c                LdaZero
         0x31a010000cc @   12 : 29 02             StaCurrentContextSlot [2]
         0x31a010000ce @   14 : 0c                LdaZero
         0x31a010000cf @   15 : d3                Star1
         0x31a010000d0 @   16 : 01 0d a0 86 01 00 LdaSmi.ExtraWide [100000]
         0x31a010000d6 @   22 : 79 f8 01 00       TestLessThan r1, EmbeddedFeedback[0x1]
         0x31a010000da @   26 : a8 1c             JumpIfFalse [28] (0x31a010000f6 @ 54)
         0x31a010000dc @   28 : 23 01 01          LdaGlobal [1:"add"], FBV[1]
         0x31a010000df @   31 : d2                Star2
         0x31a010000e0 @   32 : 18 02             LdaCurrentContextSlot [2]
         0x31a010000e2 @   34 : d1                Star3
         0x31a010000e3 @   35 : 6e f7 f6 f8 03    CallUndefinedReceiver2 r2, r3, r1, FBV[3]
         0x31a010000e8 @   40 : 55 00 00          BitwiseOrSmi [0], FBV[0]
         0x31a010000eb @   43 : 29 02             StaCurrentContextSlot [2]
         0x31a010000ed @   45 : 0b f8             Ldar r1
         0x31a010000ef @   47 : 5b 05             Inc FBV[5]
         0x31a010000f1 @   49 : d3                Star1
         0x31a010000f2 @   50 : 97 22 00 06       JumpLoop [34], [0], FBV[6] (0x31a010000d0 @ 16)
         0x31a010000f6 @   54 : 23 02 07          LdaGlobal [2:"print"], FBV[7]
         0x31a010000f9 @   57 : d2                Star2
         0x31a010000fa @   58 : 18 02             LdaCurrentContextSlot [2]
         0x31a010000fc @   60 : d1                Star3
         0x31a010000fd @   61 : 6d f7 f6 09       CallUndefinedReceiver1 r2, r3, FBV[9]
         0x31a01000101 @   65 : d4                Star0
         0x31a01000102 @   66 : b9                Return
Constant pool (size = 3)
0x31a01000085: [TrustedFixedArray]
 - map: 0x09b800000605 <Map(TRUSTED_FIXED_ARRAY_TYPE)>
 - length: 3
           0: 0x09b80101e021 <FixedArray[2]>
           1: 0x09b800003ebd <String[3]: #add>
           2: 0x09b801002e25 <String[5]: #print>
Handler Table (size = 0)
Source Position Table (size = 0)
0x9b80101e245: [FeedbackVector] in OldSpace
 - map: 0x09b800000899 <Map(FEEDBACK_VECTOR_TYPE)>
 - length: 11
 - shared function info: 0x09b80101dfc9 <SharedFunctionInfo>
 - tiering_in_progress: 0
 - osr_tiering_in_progress: 0
 - invocation count: 1
 - closure feedback cell array: 0x9b80104b539: [ClosureFeedbackCellArray]
 - map: 0x09b800000871 <Map(CLOSURE_FEEDBACK_CELL_ARRAY_TYPE)>
 - length: 1
 - elements:
           0: 0x09b80101e0a1 <FeedbackCell[one closure]>

 - slot #0 BinaryOp BinaryOp:Number {
     [0]: 15
  }
 - slot #1 LoadGlobalNotInsideTypeof MONOMORPHIC
   [weak] 0x09b80101e0f5 <PropertyCell name=0x09b800003ebd <String[3]: #add> value=0x09b80101e0d5 <JSFunction add (sfi = 0x9b80101e031)>> {
     [1]: [weak] 0x09b80101e0f5 <PropertyCell name=0x09b800003ebd <String[3]: #add> value=0x09b80101e0d5 <JSFunction add (sfi = 0x9b80101e031)>>
     [2]: 0x09b800000e95 <Symbol: (uninitialized_symbol)>
  }
 - slot #3 Call MONOMORPHIC {
     [3]: [weak] 0x09b80101e0d5 <JSFunction add (sfi = 0x9b80101e031)>
     [4]: 462672
  }
 - slot #5 BinaryOp BinaryOp:SignedSmall {
     [5]: 1
  }
 - slot #6 JumpLoop JumpLoop {
     [6]: [cleared]
  }
 - slot #7 LoadGlobalNotInsideTypeof UNINITIALIZED {
     [7]: [cleared]
     [8]: 0x09b800000e95 <Symbol: (uninitialized_symbol)>
  }
 - slot #9 Call UNINITIALIZED {
     [9]: 0x09b800000e95 <Symbol: (uninitialized_symbol)>
     [10]: 0
  }

----- Inlining 0x09b80101e031 <SharedFunctionInfo add> with bytecode -----
Parameter count 3
Register count 0
Frame size 0
         0x31a0100012c @    0 : 0b 04             Ldar a1
         0x31a0100012e @    2 : 42 03 00          Add a0, FBV[0]
         0x31a01000131 @    5 : b9                Return
Constant pool (size = 0)
Handler Table (size = 0)
Source Position Table (size = 0)
0x9b80101e19d: [FeedbackVector] in OldSpace
 - map: 0x09b800000899 <Map(FEEDBACK_VECTOR_TYPE)>
 - length: 1
 - shared function info: 0x09b80101e031 <SharedFunctionInfo add>
 - tiering_in_progress: 0
 - osr_tiering_in_progress: 0
 - invocation count: 803
 - closure feedback cell array: 0x9b8000021d9: [ClosureFeedbackCellArray] in ReadOnlySpace
 - map: 0x09b800000871 <Map(CLOSURE_FEEDBACK_CELL_ARRAY_TYPE)>
 - length: 0
 - elements:

 - slot #0 BinaryOp BinaryOp:AdditiveSafeInteger {
     [0]: 7
  }

----- Inlining 0x09b80101e031 <SharedFunctionInfo add> with bytecode -----
Parameter count 3
Register count 0
Frame size 0
         0x31a0100012c @    0 : 0b 04             Ldar a1
         0x31a0100012e @    2 : 42 03 00          Add a0, FBV[0]
         0x31a01000131 @    5 : b9                Return
Constant pool (size = 0)
Handler Table (size = 0)
Source Position Table (size = 0)
0x9b80101e19d: [FeedbackVector] in OldSpace
 - map: 0x09b800000899 <Map(FEEDBACK_VECTOR_TYPE)>
 - length: 1
 - shared function info: 0x09b80101e031 <SharedFunctionInfo add>
 - tiering_in_progress: 0
 - osr_tiering_in_progress: 0
 - invocation count: 803
 - closure feedback cell array: 0x9b8000021d9: [ClosureFeedbackCellArray] in ReadOnlySpace
 - map: 0x09b800000871 <Map(CLOSURE_FEEDBACK_CELL_ARRAY_TYPE)>
 - length: 0
 - elements:

 - slot #0 BinaryOp BinaryOp:AdditiveSafeInteger {
     [0]: 7
  }

----- After register allocation -----
Graph

   [0m   [0m1/30: Constant(0x09b80101e0b1 <FeedbackCell[one closure]>) → v-1, live range: [1-41]
   [0m   [0m2/17: Constant(0x09b80101e0d5 <JSFunction add (sfi = 0x9b80101e031)>) → v-1, live range: [2-41]
   [0m   [0m3/20: Constant(0x09b80101e0c1 <ScriptContext[3]>) → v-1, live range: [3-41]
   [0m   [0m4/21: Constant(0x09b801004925 <JSGlobalProxy>) → v-1, live range: [4-41]
   [0m   [0m5/10: SmiConstant(100000) → v-1, live range: [5-41]
   [0m   [0m6/12: Int32Constant(100000) → v-1, live range: [6-41]
    [0mBlock b0
   [0m[1;34m0x09b80101dfc9 <SharedFunctionInfo> (0x09b80104a7b1 <String[19]: "workloads/simple.js">:0:0)
[m   [0m[0;34m  16 : 01 0d a0 86 01 00 LdaSmi.ExtraWide [100000]
[m   [0m    [0m7/1: InitialValue(<this>) → [stack:-6|t], live range: [7-44]
   [0m    [0m8/2: InitialValue(<context>) → [stack:-3|t], live range: [8-44]
   [0m    [0m9/3: InitialValue(<closure>) → [stack:-2|t], live range: [9-44]
   [0m   [0m10/5: InitialValue(r1) → [stack:4|t], live range: [10-23]
   [0m   [0m11/8: FunctionEntryStackCheck
   [0m         ↳ lazy @50 (3 live vars)
   [0m         ↱ eager @50 (3 live vars)
   [0m   [0m12/9: CheckpointedJump b1
   [0m      ↓
    [0mBlock b1
   [0m     [0m54: GapMove([stack:4|t] → [rax|R|t])
   [0m[0;34m  22 : 79 f8 01 00       TestLessThan r1, EmbeddedFeedback[0x1]
[m   [0m         ↱ eager @22 (4 live vars)
   [0m  [0m13/11: CheckedSmiUntag [v10/n5:[rax|R|t]] → [rax|R|w32], live range: [13-23]
   [0m     [0m55: ConstantGapMove(n12 → [rcx|R|w32])
   [0m[0;34m  26 : a8 1c             JumpIfFalse [28]
[m[0;31m╭────[0m14/14: BranchIfInt32Compare(LessThan) [v13/n11:[rax|R|w32], v6/n12:[rcx|R|w32]] b2 b8
[0;31m│  [0m      ↓
[0;31m│   [0mBlock b2
[0;31m│  [0m     [0m56: GapMove([stack:-3|t] → [rdi|R|t])
[0;31m│  [0m[0;34m  32 : 18 02             LdaCurrentContextSlot [2]
[m[0;31m│  [0m  [0m15/18: LoadContextSlot(0x10, mutable) [v8/n2:[rdi|R|t]] → [rsi|R|t], live range: [15-17]
[0;31m│  [0m[1;34m0x09b80101e031 <SharedFunctionInfo add> (0x09b80104a7b1 <String[19]: "workloads/simple.js">:2:12)
[m[0;31m│  [0m[0;34m   0 : 0b 04             Ldar a1
[m[0;31m│  [0m  [0m16/22: Jump b3
[0;31m│  [0m      ↓
[0;31m│   [0mBlock b3
[0;31m│  [0m     [0m57: GapMove([rsi|R|t] → [rdx|R|t])
[0;31m│  [0m[1;34m0x09b80101e031 <SharedFunctionInfo add> (0x09b80104a7b1 <String[19]: "workloads/simple.js">:0:0)
[m[0;31m│  [0m[0;34m   2 : 42 03 00          Add a0, FBV[0]
[m[0;31m│  [0m         ↱ eager @35 (3 live vars)
[0;31m│  [0m         │       @2 (5 live vars)
[0;31m│  [0m  [0m17/23: CheckedNumberToFloat64 [v15/n18:[rsi|R|t]] → [xmm0|R|f64], live range: [17-19]
[0;31m│  [0m  [0m18/24: ChangeInt32ToFloat64 [v13/n11:[rax|R|w32]] → [xmm1|R|f64], live range: [18-19]
[0;31m│  [0m  [0m19/25: Float64Add [v17/n23:[xmm0|R|f64], v18/n24:[xmm1|R|f64]] → [xmm0|R|f64], live range: [19-20]
[0;31m│  [0m[1;34m0x09b80101dfc9 <SharedFunctionInfo> (0x09b80104a7b1 <String[19]: "workloads/simple.js">:0:0)
[m[0;31m│  [0m[0;34m  40 : 55 00 00          BitwiseOrSmi [0], FBV[0]
[m[0;31m│  [0m  [0m20/26: TruncateFloat64ToInt32 [v19/n25:[xmm0|R|f64]] → [rdx|R|w32], live range: [20-21]
[0;31m│  [0m[0;34m  43 : 29 02             StaCurrentContextSlot [2]
[m[0;31m│  [0m  [0m21/27: Int32ToNumber[kCanonicalizeSmi] [v20/n26:[rdx|R|w32]] → [rbx|R|t], live range: [21-22]
[0;31m│  [0m  [0m22/28: StoreContextSlotWithWriteBarrier(2, mutable) [v8/n2:[rdi|R|t], v21/n27:[rbx|R|t]]
[0;31m│  [0m         ↳ lazy @43 (3 live vars)
[0;31m│  [0m[0;34m  47 : 5b 05             Inc FBV[5]
[m[0;31m│  [0m         ↱ eager @47 (3 live vars)
[0;31m│  [0m  [0m23/29: Int32IncrementWithOverflow [v13/n11:[rax|R|w32]] → [rax|R|w32] (spilled: [stack:0|w32]), live range: [23-25]
[0;31m│  [0m     [0m58: ConstantGapMove(n30 → [rdx|R|t])
[0;31m│  [0m[0;34m  50 : 97 22 00 06       JumpLoop [34], [0], FBV[6]
[m[0;31m│  [0m  [0m24/31: ReduceInterruptBudgetForLoop(27) [v1/n30:[rdx|R|t]]
[0;31m│  [0m         ↳ lazy @50 (3 live vars)
[0;31m│  [0m  [0m25/34: Int32ToNumber[kCanonicalizeSmi] [v23/n29:[rax|R|w32]] → [rbx|R|t], live range: [25-26]
[0;31m│  [0m  [0m26/33: Jump b4
[0;31m│  [0m      │  with gap moves:
[0;31m│  [0m      │    - v25/n34:[rbx|R|t] → 35: φᵀ r1 [rbx|R|t]
[0;31m│  [0m      │  with register merges:
[0;31m│  [0m      ▼
[0;31m│[0;32m╭─►[0mBlock b4 peeled (effects:)
[0;31m│[0;32m│ [0m  [0m27/35: φᵀ r1 (n34, n50) (compressed) → [rbx|R|t] (spilled: [stack:4|t]), live range: [27-38]
[0;31m│[0;32m│ [0m     [0m59: GapMove([rbx|R|t] → [rax|R|t])
[0;31m│[0;32m│ [0m[0;34m  22 : 79 f8 01 00       TestLessThan r1, EmbeddedFeedback[0x1]
[m[0;31m│[0;32m│ [0m         ↱ eager @22 (4 live vars)
[0;31m│[0;32m│ [0m  [0m28/36: CheckedSmiUntag [v27/n35:[rbx|R|t]] → [rbx|R|w32], live range: [28-38]
[0;31m│[0;32m│ [0m[0;34m  26 : a8 1c             JumpIfFalse [28]
[m[0;31m│[0;32m│[0;33m╭──[0m29/38: BranchIfInt32Compare(LessThan) [v28/n36:[rbx|R|w32], v6/n12:[rcx|R|w32]] b5 b7
[0;31m│[0;32m│[0;33m│[0m      ↓
[0;31m│[0;32m│[0;33m│ [0mBlock b5
[0;31m│[0;32m│[0;33m│[0m[0;34m  32 : 18 02             LdaCurrentContextSlot [2]
[m[0;31m│[0;32m│[0;33m│[0m  [0m30/39: LoadContextSlot(0x10, mutable) [v8/n2:[rdi|R|t]] → [r9|R|t], live range: [30-32]
[0;31m│[0;32m│[0;33m│[0m[1;34m0x09b80101e031 <SharedFunctionInfo add> (0x09b80104a7b1 <String[19]: "workloads/simple.js">:2:12)
[m[0;31m│[0;32m│[0;33m│[0m[0;34m   0 : 0b 04             Ldar a1
[m[0;31m│[0;32m│[0;33m│[0m  [0m31/40: Jump b6
[0;31m│[0;32m│[0;33m│[0m      ↓
[0;31m│[0;32m│[0;33m│ [0mBlock b6
[0;31m│[0;32m│[0;33m│[0m     [0m60: GapMove([r9|R|t] → [rsi|R|t])
[0;31m│[0;32m│[0;33m│[0m[1;34m0x09b80101e031 <SharedFunctionInfo add> (0x09b80104a7b1 <String[19]: "workloads/simple.js">:0:0)
[m[0;31m│[0;32m│[0;33m│[0m[0;34m   2 : 42 03 00          Add a0, FBV[0]
[m[0;31m│[0;32m│[0;33m│[0m         ↱ eager @35 (3 live vars)
[0;31m│[0;32m│[0;33m│[0m         │       @2 (5 live vars)
[0;31m│[0;32m│[0;33m│[0m  [0m32/41: CheckedNumberToFloat64 [v30/n39:[r9|R|t]] → [xmm0|R|f64], live range: [32-34]
[0;31m│[0;32m│[0;33m│[0m  [0m33/42: ChangeInt32ToFloat64 [v28/n36:[rbx|R|w32]] → [xmm1|R|f64], live range: [33-34]
[0;31m│[0;32m│[0;33m│[0m  [0m34/43: Float64Add [v32/n41:[xmm0|R|f64], v33/n42:[xmm1|R|f64]] → [xmm0|R|f64], live range: [34-35]
[0;31m│[0;32m│[0;33m│[0m[1;34m0x09b80101dfc9 <SharedFunctionInfo> (0x09b80104a7b1 <String[19]: "workloads/simple.js">:0:0)
[m[0;31m│[0;32m│[0;33m│[0m[0;34m  40 : 55 00 00          BitwiseOrSmi [0], FBV[0]
[m[0;31m│[0;32m│[0;33m│[0m  [0m35/44: TruncateFloat64ToInt32 [v34/n43:[xmm0|R|f64]] → [rsi|R|w32], live range: [35-36]
[0;31m│[0;32m│[0;33m│[0m[0;34m  43 : 29 02             StaCurrentContextSlot [2]
[m[0;31m│[0;32m│[0;33m│[0m  [0m36/45: Int32ToNumber[kCanonicalizeSmi] [v35/n44:[rsi|R|w32]] → [r8|R|t], live range: [36-37]
[0;31m│[0;32m│[0;33m│[0m  [0m37/46: StoreContextSlotWithWriteBarrier(2, mutable) [v8/n2:[rdi|R|t], v36/n45:[r8|R|t]]
[0;31m│[0;32m│[0;33m│[0m         ↳ lazy @43 (3 live vars)
[0;31m│[0;32m│[0;33m│[0m[0;34m  47 : 5b 05             Inc FBV[5]
[m[0;31m│[0;32m│[0;33m│[0m         ↱ eager @47 (3 live vars)
[0;31m│[0;32m│[0;33m│[0m  [0m38/47: Int32IncrementWithOverflow [v28/n36:[rbx|R|w32]] → [rbx|R|w32] (spilled: [stack:1|w32]), live range: [38-40]
[0;31m│[0;32m│[0;33m│[0m[0;34m  50 : 97 22 00 06       JumpLoop [34], [0], FBV[6]
[m[0;31m│[0;32m│[0;33m│[0m  [0m39/48: ReduceInterruptBudgetForLoop(27) [v1/n30:[rdx|R|t]]
[0;31m│[0;32m│[0;33m│[0m         ↳ lazy @50 (3 live vars)
[0;31m│[0;32m│[0;33m│[0m  [0m40/50: Int32ToNumber[kCanonicalizeSmi] [v38/n47:[rbx|R|w32]] → [rax|R|t], live range: [40-41]
[0;31m│[0;32m│[0;33m│[0m         ↱ eager @47 (3 live vars)
[0;31m│[0;32m╰─◄─[0m41/49: JumpLoop b4
[0;31m│ [0;33m│[0m         with gap moves:
[0;31m│ [0;33m│[0m           - v40/n50:[rax|R|t] → 35: φᵀ r1 [rbx|R|t]
[0;31m│ [0;33m│[0m         with register merges:
[0;31m│ [0;33m│[0m
[0;31m│ [0;33m╰►[0mBlock b7
[0;31m│  [0m[0;34m  54 : 23 02 07          LdaGlobal [2:"print"], FBV[7]
[m[0;31m│[0;32m╭───[0m42/51: Jump b9
[0;31m│[0;32m│ [0m
[0;31m╰──►[0mBlock b8
 [0;32m│ [0m  [0m43/52: Jump b9
 [0;32m│ [0m      ↓
 [0;32m╰─►[0mBlock b9
   [0m         ↱ eager @54 (2 live vars)
   [0m  [0m44/53: Deopt(Insufficient type feedback for generic global access)
   [0m
704982704
