[generated bytecode for function:  (0x09b80101dfc9 <SharedFunctionInfo>)]
Bytecode length: 67
Parameter count 1
Register count 4
Frame size 32
         0x31a010000c0 @    0 : 13 00             LdaConstant [0:0x09b80101e021 <FixedArray[2]>]
         0x31a010000c2 @    2 : d2                Star2
         0x31a010000c3 @    3 : 1b fe f6          Mov <closure>, r3
         0x31a010000c6 @    6 : 70 75 01 f7 02    CallRuntime [DeclareGlobals], r2-r3
         0x31a010000cb @   11 : 0c                LdaZero
         0x31a010000cc @   12 : 29 02             StaCurrentContextSlot [2]
         0x31a010000ce @   14 : 0c                LdaZero
         0x31a010000cf @   15 : d3                Star1
         0x31a010000d0 @   16 : 01 0d a0 86 01 00 LdaSmi.ExtraWide [100000]
         0x31a010000d6 @   22 : 79 f8 00 00       TestLessThan r1, EmbeddedFeedback[0x0]
         0x31a010000da @   26 : a8 1c             JumpIfFalse [28] (0x31a010000f6 @ 54)
         0x31a010000dc @   28 : 23 01 01          LdaGlobal [1:"add"], FBV[1]
         0x31a010000df @   31 : d2                Star2
         0x31a010000e0 @   32 : 18 02             LdaCurrentContextSlot [2]
         0x31a010000e2 @   34 : d1                Star3
         0x31a010000e3 @   35 : 6e f7 f6 f8 03    CallUndefinedReceiver2 r2, r3, r1, FBV[3]
         0x31a010000e8 @   40 : 55 00 00          BitwiseOrSmi [0], FBV[0]
         0x31a010000eb @   43 : 29 02             StaCurrentContextSlot [2]
         0x31a010000ed @   45 : 0b f8             Ldar r1
         0x31a010000ef @   47 : 5b 05             Inc FBV[5]
         0x31a010000f1 @   49 : d3                Star1
         0x31a010000f2 @   50 : 97 22 00 06       JumpLoop [34], [0], FBV[6] (0x31a010000d0 @ 16)
         0x31a010000f6 @   54 : 23 02 07          LdaGlobal [2:"print"], FBV[7]
         0x31a010000f9 @   57 : d2                Star2
         0x31a010000fa @   58 : 18 02             LdaCurrentContextSlot [2]
         0x31a010000fc @   60 : d1                Star3
         0x31a010000fd @   61 : 6d f7 f6 09       CallUndefinedReceiver1 r2, r3, FBV[9]
         0x31a01000101 @   65 : d4                Star0
         0x31a01000102 @   66 : b9                Return
Constant pool (size = 3)
0x31a01000085: [TrustedFixedArray]
 - map: 0x09b800000605 <Map(TRUSTED_FIXED_ARRAY_TYPE)>
 - length: 3
           0: 0x09b80101e021 <FixedArray[2]>
           1: 0x09b800003ebd <String[3]: #add>
           2: 0x09b801002e25 <String[5]: #print>
Handler Table (size = 0)
Source Position Table (size = 0)
[generated bytecode for function: add (0x09b80101e031 <SharedFunctionInfo add>)]
Bytecode length: 6
Parameter count 3
Register count 0
Frame size 0
         0x31a0100012c @    0 : 0b 04             Ldar a1
         0x31a0100012e @    2 : 42 03 00          Add a0, FBV[0]
         0x31a01000131 @    5 : b9                Return
Constant pool (size = 0)
Handler Table (size = 0)
Source Position Table (size = 0)
704982704
