[marking 0x09b80101e291 <JSFunction sum (sfi = 0x9b80101e149)> for optimization to MAGLEV, ConcurrencyMode::kConcurrent, reason: hot and stable]
[compiling method 0x09b80101e291 <JSFunction sum (sfi = 0x9b80101e149)> (target MAGLEV), mode: ConcurrencyMode::kSynchronous]
[completed compiling 0x09b80101e291 <JSFunction sum (sfi = 0x9b80101e149)> (target MAGLEV) - took 0.003, 0.612, 0.083 ms]
[marking 0x09b80101e2f9 <JSFunction flipflop (sfi = 0x9b80101e1a9)> for optimization to MAGLEV, ConcurrencyMode::kConcurrent, reason: hot and stable]
[compiling method 0x09b80101e2f9 <JSFunction flipflop (sfi = 0x9b80101e1a9)> (target MAGLEV), mode: ConcurrencyMode::kSynchronous]
[completed compiling 0x09b80101e2f9 <JSFunction flipflop (sfi = 0x9b80101e1a9)> (target MAGLEV) - took 0.000, 0.032, 0.213 ms]
[marking 0x09b80101e2c5 <JSFunction scale (sfi = 0x9b80101e179)> for optimization to MAGLEV, ConcurrencyMode::kConcurrent, reason: hot and stable]
[compiling method 0x09b80101e2c5 <JSFunction scale (sfi = 0x9b80101e179)> (target MAGLEV), mode: ConcurrencyMode::kSynchronous]
[completed compiling 0x09b80101e2c5 <JSFunction scale (sfi = 0x9b80101e179)> (target MAGLEV) - took 0.000, 0.203, 0.122 ms]
[bailout (kind: deopt-eager, reason: not a Smi): begin. deoptimizing 0x09b80101e2f9 <JSFunction flipflop (sfi = 0x9b80101e1a9)>, 0x031a01000861 <Code MAGLEV>, opt id 1, bytecode offset 2, deopt exit 0, FP to SP delta 24, caller SP 0x00030c623818, pc 0x000163fc05d6]
[marking 0x09b80101e219 <JSFunction (sfi = 0x9b80101e0c9)> for optimization to MAGLEV, ConcurrencyMode::kConcurrent, reason: hot and stable]
[marking 0x09b80101e2f9 <JSFunction flipflop (sfi = 0x9b80101e1a9)> for optimization to MAGLEV, ConcurrencyMode::kConcurrent, reason: hot and stable]
[compiling method 0x09b80101e2f9 <JSFunction flipflop (sfi = 0x9b80101e1a9)> (target MAGLEV), mode: ConcurrencyMode::kSynchronous]
[completed compiling 0x09b80101e2f9 <JSFunction flipflop (sfi = 0x9b80101e1a9)> (target MAGLEV) - took 0.001, 0.042, 0.022 ms]
[marking 0x09b80101e291 <JSFunction sum (sfi = 0x9b80101e149)> for optimization to TURBOFAN_JS, ConcurrencyMode::kConcurrent, reason: hot and stable]
[compiling method 0x09b80101e291 <JSFunction sum (sfi = 0x9b80101e149)> (target TURBOFAN_JS), mode: ConcurrencyMode::kSynchronous]
[completed compiling 0x09b80101e291 <JSFunction sum (sfi = 0x9b80101e149)> (target TURBOFAN_JS) - took 0.005, 1.872, 0.145 ms]
[marking 0x09b80101e2f9 <JSFunction flipflop (sfi = 0x9b80101e1a9)> for optimization to TURBOFAN_JS, ConcurrencyMode::kConcurrent, reason: hot and stable]
[compiling method 0x09b80101e2f9 <JSFunction flipflop (sfi = 0x9b80101e1a9)> (target TURBOFAN_JS), mode: ConcurrencyMode::kSynchronous]
[completed compiling 0x09b80101e2f9 <JSFunction flipflop (sfi = 0x9b80101e1a9)> (target TURBOFAN_JS) - took 0.001, 0.247, 0.028 ms]
[marking 0x09b80101e2c5 <JSFunction scale (sfi = 0x9b80101e179)> for optimization to TURBOFAN_JS, ConcurrencyMode::kConcurrent, reason: hot and stable]
[compiling method 0x09b80101e2c5 <JSFunction scale (sfi = 0x9b80101e179)> (target TURBOFAN_JS), mode: ConcurrencyMode::kSynchronous]
[completed compiling 0x09b80101e2c5 <JSFunction scale (sfi = 0x9b80101e179)> (target TURBOFAN_JS) - took 0.000, 0.672, 0.025 ms]
[compiling method 0x09b80101e219 <JSFunction (sfi = 0x9b80101e0c9)> (target MAGLEV) OSR, mode: ConcurrencyMode::kSynchronous]
[completed compiling 0x09b80101e219 <JSFunction (sfi = 0x9b80101e0c9)> (target MAGLEV) OSR - took 0.000, 0.413, 0.035 ms]
[bailout (kind: deopt-eager, reason: Insufficient type feedback for generic global access): begin. deoptimizing 0x09b80101e219 <JSFunction (sfi = 0x9b80101e0c9)>, 0x031a01002e39 <Code MAGLEV>, opt id 7, bytecode offset 185, deopt exit 44, FP to SP delta 120, caller SP 0x00030c6238a8, pc 0x000163fc3c5b]
68235400
