lines: 631
version: 14.9
compilation 0 L0..61 sfi=0x9b80101e031 tier=Maglev ord=1 name="add"
  script "workloads/simple.js"
  phase L1..27 "Bytecode array" [bytecode]
  phase L27..61 "After register allocation" [graph]: 18 nodes, 2 blocks, 4 frame-lines, 0 annotations
  totals: 11 opcodes, 2 distinct frames
compilation 1 L61..313 sfi=0x9b80101dfc9 tier=Maglev ord=1 name=""
  script "workloads/simple.js"
  phase L62..144 "Bytecode array" [bytecode]
  phase L144..170 "Inlining 0x09b80101e031 <SharedFunctionInfo add> with bytecode" [inlining "add"]
  phase L170..196 "Inlining 0x09b80101e031 <SharedFunctionInfo add> with bytecode" [inlining "add"]
  phase L196..313 "After register allocation" [graph]: 47 nodes, 10 blocks, 16 frame-lines, 4 annotations
  totals: 20 opcodes, 8 distinct frames
compilation 2 L313..372 sfi=0x9b80101e031 tier=Maglev ord=2 name="add"
  script "workloads/simple.js"
  phase L314..340 "Bytecode array" [bytecode]
  phase L340..372 "After register allocation" [graph]: 17 nodes, 2 blocks, 3 frame-lines, 0 annotations
  totals: 11 opcodes, 2 distinct frames
compilation 3 L372..631 sfi=0x9b80101dfc9 tier=Maglev ord=2 name=""
  script "workloads/simple.js"
  phase L373..455 "Bytecode array" [bytecode]
  phase L455..481 "Inlining 0x09b80101e031 <SharedFunctionInfo add> with bytecode" [inlining "add"]
  phase L481..507 "Inlining 0x09b80101e031 <SharedFunctionInfo add> with bytecode" [inlining "add"]
  phase L507..631 "After register allocation" [graph]: 51 nodes, 10 blocks, 16 frame-lines, 5 annotations
  totals: 23 opcodes, 8 distinct frames
