lines: 2183
version: 14.9
compilation 0 L0..167 sfi=0x9b80101e091 tier=Maglev ord=1 name="read"
  script "workloads/deopt-eager.js"
  phase L1..37 "Bytecode array" [bytecode]
  phase L37..70 "After graph building" [graph]: 15 nodes, 2 blocks, 3 frame-lines, 0 annotations
  phase L70..102 "After use marking" [graph]: 14 nodes, 2 blocks, 3 frame-lines, 0 annotations
  phase L102..134 "After register allocation pre-processing" [graph]: 14 nodes, 2 blocks, 3 frame-lines, 0 annotations
  phase L134..167 "After register allocation" [graph]: 16 nodes, 2 blocks, 3 frame-lines, 0 annotations
  totals: 14 opcodes, 2 distinct frames, 0 unparsed
compilation 1 L167..1048 sfi=0x9b80101e029 tier=Maglev ord=1 name=""
  script "workloads/deopt-eager.js"
  phase L168..327 "Bytecode array" [bytecode]
  phase L327..363 "Inlining 0x09b80101e091 <SharedFunctionInfo read> with bytecode" [inlining "read"]
  phase L363..399 "Inlining 0x09b80101e091 <SharedFunctionInfo read> with bytecode" [inlining "read"]
  phase L399..566 "After graph building" [graph]: 78 nodes, 10 blocks, 19 frame-lines, 2 annotations
  phase L566..721 "After use marking" [graph]: 66 nodes, 10 blocks, 19 frame-lines, 2 annotations
  phase L721..876 "After register allocation pre-processing" [graph]: 66 nodes, 10 blocks, 19 frame-lines, 2 annotations
  phase L876..1048 "After register allocation" [graph]: 82 nodes, 10 blocks, 19 frame-lines, 4 annotations
  totals: 32 opcodes, 10 distinct frames, 0 unparsed
compilation 2 L1050..1298 sfi=0x9b80101e091 tier=Maglev ord=2 name="read"
  script "workloads/deopt-eager.js"
  phase L1051..1088 "Bytecode array" [bytecode]
  phase L1088..1140 "After graph building" [graph]: 23 nodes, 5 blocks, 4 frame-lines, 2 annotations
  phase L1140..1191 "After use marking" [graph]: 22 nodes, 5 blocks, 4 frame-lines, 2 annotations
  phase L1191..1242 "After register allocation pre-processing" [graph]: 22 nodes, 5 blocks, 4 frame-lines, 2 annotations
  phase L1242..1298 "After register allocation" [graph]: 26 nodes, 5 blocks, 4 frame-lines, 4 annotations
  totals: 17 opcodes, 3 distinct frames, 0 unparsed
compilation 3 L1298..2181 sfi=0x9b80101e029 tier=Maglev ord=2 name=""
  script "workloads/deopt-eager.js"
  phase L1299..1460 "Bytecode array" [bytecode]
  phase L1460..1497 "Inlining 0x09b80101e091 <SharedFunctionInfo read> with bytecode" [inlining "read"]
  phase L1497..1534 "Inlining 0x09b80101e091 <SharedFunctionInfo read> with bytecode" [inlining "read"]
  phase L1534..1700 "After graph building" [graph]: 79 nodes, 10 blocks, 19 frame-lines, 2 annotations
  phase L1700..1854 "After use marking" [graph]: 67 nodes, 10 blocks, 19 frame-lines, 2 annotations
  phase L1854..2008 "After register allocation pre-processing" [graph]: 67 nodes, 10 blocks, 19 frame-lines, 2 annotations
  phase L2008..2181 "After register allocation" [graph]: 83 nodes, 10 blocks, 19 frame-lines, 6 annotations
  totals: 32 opcodes, 10 distinct frames, 0 unparsed
raw L1048..1050 "[bailout (kind: deopt-eager, reason: Insufficient type feedback for object literal): begin. deop…"
raw L2181..2183 "[bailout (kind: deopt-eager, reason: Insufficient type feedback for generic global access): begi…"
event L1048 deopt kind=deopt-eager reason="Insufficient type feedback for object literal" name="" sfi=0x9b80101e029 tier=Maglev opt_id=Some(2) offset=Some(71)
event L1049 deopt kind=deopt-eager reason="wrong map" name="read" sfi=0x9b80101e091 tier=Turbofan opt_id=Some(1) offset=Some(0)
event L2181 deopt kind=deopt-eager reason="Insufficient type feedback for generic global access" name="" sfi=0x9b80101e029 tier=Maglev opt_id=Some(4) offset=Some(135)
