lines: 55
version: unknown
compilation 0 L0..43 sfi=0x9b80101dfc9 tier=Ignition ord=1 name=""
  phase L0..34 "Bytecode array" [bytecode]: 29 rows (2 jump refs, 7 fbv refs, 3 pool refs)
  phase L34..41 "Constant pool" [listing]: 0 disasm (0 labels), 0 annotations
  phase L41..42 "Handler Table" [listing]: 0 disasm (0 labels), 0 annotations
  phase L42..43 "Source Position Table" [listing]: 0 disasm (0 labels), 0 annotations
  totals: 0 opcodes, 0 distinct frames
compilation 1 L43..55 sfi=0x9b80101e031 tier=Ignition ord=1 name="add"
  phase L43..51 "Bytecode array" [bytecode]: 3 rows (0 jump refs, 1 fbv refs, 0 pool refs)
  phase L51..52 "Constant pool" [listing]: 0 disasm (0 labels), 0 annotations
  phase L52..53 "Handler Table" [listing]: 0 disasm (0 labels), 0 annotations
  phase L53..55 "Source Position Table" [listing]: 0 disasm (0 labels), 0 annotations
  totals: 0 opcodes, 0 distinct frames
